Microchip MPLAB XC8 Compiler V2.10 ()

Linker command line:

-W-3 --edf=D:\Program Files (x86)\Microchip\xc8\v2.10\pic\dat\en_msgs.txt \
  -cs -h+dist/default/debug\LED_DRIVER.X.debug.sym \
  --cmf=dist/default/debug\LED_DRIVER.X.debug.cmf -z -Q16F15356 \
  -oC:\Users\A51900\AppData\Local\Temp\s1k68.2 --defsym=__MPLAB_BUILD=1 \
  -Mdist/default/debug/LED_DRIVER.X.debug.map -E1 -ver=XC8 --acfsm=1493 \
  -ASTACK=0202Eh-027EFh -pstack=STACK -ACODE=00h-07FFhx8 \
  -ASTRCODE=00h-03FFFh -ASTRING=00h-0FFhx64 -ACONST=00h-0FFhx64 \
  -AENTRY=00h-0FFhx64 -ACOMMON=070h-07Fh -ABANK0=020h-06Fh \
  -ABANK1=0A0h-0EFh -ABANK2=0120h-016Fh -ABANK3=01A0h-01EFh \
  -ABANK4=0220h-026Fh -ABANK5=02A0h-02EFh -ABANK6=0320h-036Fh \
  -ABANK7=03A0h-03EFh -ABANK8=0420h-046Fh -ABANK9=04A0h-04EFh \
  -ABANK10=0520h-056Fh -ABANK11=05A0h-05EFh -ABANK12=0620h-066Fh \
  -ABANK13=06A0h-06EFh -ABANK14=0720h-076Fh -ABANK15=07A0h-07EFh \
  -ABANK16=0820h-086Fh -ABANK17=08A0h-08EFh -ABANK18=0920h-096Fh \
  -ABANK19=09A0h-09EFh -ABANK20=0A20h-0A6Fh -ABANK21=0AA0h-0AEFh \
  -ABANK22=0B20h-0B6Fh -ABANK23=0BA0h-0BEFh -ABANK24=0C20h-0C6Fh \
  -ABANK25=0CA0h-0CBFh -ABIGRAM=02000h-027EFh \
  -ARAM=020h-06Fh,0A0h-0EFh,0120h-016Fh,01A0h-01EFh,0220h-026Fh,02A0h-02EFh,0320h-036Fh,03A0h-03EFh,0420h-046Fh,04A0h-04EFh,0520h-056Fh,05A0h-05EFh,0620h-066Fh,06A0h-06EFh,0720h-076Fh,07A0h-07EFh,0820h-086Fh,08A0h-08EFh,0920h-096Fh,09A0h-09EFh,0A20h-0A6Fh,0AA0h-0AEFh,0B20h-0B6Fh,0BA0h-0BEFh,0C20h-0C6Fh,0CA0h-0CBFh \
  -AABS1=020h-07Fh,0A0h-0EFh,0120h-016Fh,01A0h-01EFh,0220h-026Fh,02A0h-02EFh,0320h-036Fh,03A0h-03EFh,0420h-046Fh,04A0h-04EFh,0520h-056Fh,05A0h-05EFh,0620h-066Fh,06A0h-06EFh,0720h-076Fh,07A0h-07EFh,0820h-086Fh,08A0h-08EFh,0920h-096Fh,09A0h-09EFh,0A20h-0A6Fh,0AA0h-0AEFh,0B20h-0B6Fh,0BA0h-0BEFh,0C20h-0C6Fh,0CA0h-0CBFh \
  -ASFR0=00h-01Fh -ASFR1=080h-09Fh -ASFR2=0100h-011Fh -ASFR3=0180h-019Fh \
  -ASFR4=0200h-021Fh -ASFR5=0280h-029Fh -ASFR6=0300h-031Fh \
  -ASFR7=0380h-039Fh -ASFR8=0400h-041Fh -ASFR9=0480h-049Fh \
  -ASFR10=0500h-051Fh -ASFR11=0580h-059Fh -ASFR12=0600h-061Fh \
  -ASFR13=0680h-069Fh -ASFR14=0700h-071Fh -ASFR15=0780h-079Fh \
  -ASFR16=0800h-081Fh -ASFR17=0880h-089Fh -ASFR18=0900h-091Fh \
  -ASFR19=0980h-099Fh -ASFR20=0A00h-0A1Fh -ASFR21=0A80h-0A9Fh \
  -ASFR22=0B00h-0B1Fh -ASFR23=0B80h-0B9Fh -ASFR24=0C00h-0C1Fh \
  -ASFR25=0C80h-0C9Fh -ASFR26=0D00h-0D6Fh -ASFR27=0D80h-0DEFh \
  -ASFR28=0E00h-0E6Fh -ASFR29=0E80h-0EEFh -ASFR30=0F00h-0F6Fh \
  -ASFR31=0F80h-0FEFh -ASFR32=01000h-0106Fh -ASFR33=01080h-010EFh \
  -ASFR34=01100h-0116Fh -ASFR35=01180h-011EFh -ASFR36=01200h-0126Fh \
  -ASFR37=01280h-012EFh -ASFR38=01300h-0136Fh -ASFR39=01380h-013EFh \
  -ASFR40=01400h-0146Fh -ASFR41=01480h-014EFh -ASFR42=01500h-0156Fh \
  -ASFR43=01580h-015EFh -ASFR44=01600h-0166Fh -ASFR45=01680h-016EFh \
  -ASFR46=01700h-0176Fh -ASFR47=01780h-017EFh -ASFR48=01800h-0186Fh \
  -ASFR49=01880h-018EFh -ASFR50=01900h-0196Fh -ASFR51=01980h-019EFh \
  -ASFR52=01A00h-01A6Fh -ASFR53=01A80h-01AEFh -ASFR54=01B00h-01B6Fh \
  -ASFR55=01B80h-01BEFh -ASFR56=01C00h-01C6Fh -ASFR57=01C80h-01CEFh \
  -ASFR58=01D00h-01D6Fh -ASFR59=01D80h-01DEFh -ASFR60=01E00h-01E6Fh \
  -ASFR61=01E80h-01EEFh -ASFR62=01F00h-01F6Fh -ASFR63=01F80h-01FEFh \
  -preset_vec=00h,intentry=04h,init,end_init -ppowerup=CODE -pcinit=CODE \
  -pfunctab=ENTRY -ACONFIG=08007h-0800Bh -pconfig=CONFIG -DCONFIG=2 \
  -AIDLOC=08000h-08003h -pidloc=IDLOC -DIDLOC=2 -DCODE=2 -DSTRCODE=2 \
  -DSTRING=2 -DCONST=2 -DENTRY=2 -k \
  C:\Users\A51900\AppData\Local\Temp\s1k68.o \
  dist/default/debug\LED_DRIVER.X.debug.o 

Object code version is 3.11

Machine type is 16F15356



                Name                               Link     Load   Length Selector   Space Scale
C:\Users\A51900\AppData\Local\Temp\s1k68.o
                end_init                             10       10        2        8       0
                reset_vec                             0        0        2        0       0
                config                             8007     8007        5    1000E       0
dist/default/debug\LED_DRIVER.X.debug.o
                cinit                                12       12        E        8       0
                intentry                              4        4        C        8       0
                text21                               C9       C9       89        8       0
                text19                              24F      24F       19        8       0
                text18                              2C4      2C4       16        8       0
                text17                              2AE      2AE       16        8       0
                text16                              298      298       16        8       0
                text15                              2DA      2DA        F        8       0
                text14                              2F7      2F7        E        8       0
                text13                              195      195       34        8       0
                text12                              305      305        8        8       0
                text11                              31F      31F        6        8       0
                text10                              319      319        6        8       0
                text9                               313      313        6        8       0
                text8                               2E9      2E9        E        8       0
                text7                               236      236       19        8       0
                text6                               217      217       1F        8       0
                text5                               280      280       18        8       0
                text4                               1F6      1F6       21        8       0
                text3                                20       20       A9        8       0
                text2                               1C9      1C9       2D        8       0
                text1                               268      268       18        8       0
                maintext                            152      152       43        8       0
                cstackBANK0                          38       38       16       20       1
                cstackCOMMON                         70       70        A       70       1
                clrtext                             30D      30D        6        8       0
                bssBANK0                             20       20       18       20       1
                bssCOMMON                            7A       7A        2       70       1

TOTAL           Name                               Link     Load   Length     Space
        CLASS   STACK          

        CLASS   CODE           
                end_init                             10       10        2         0
                cinit                                12       12        E         0
                intentry                              4        4        C         0
                reset_vec                             0        0        2         0
                text21                               C9       C9       89         0
                text19                              24F      24F       19         0
                text18                              2C4      2C4       16         0
                text17                              2AE      2AE       16         0
                text16                              298      298       16         0
                text15                              2DA      2DA        F         0
                text14                              2F7      2F7        E         0
                text13                              195      195       34         0
                text12                              305      305        8         0
                text11                              31F      31F        6         0
                text10                              319      319        6         0
                text9                               313      313        6         0
                text8                               2E9      2E9        E         0
                text7                               236      236       19         0
                text6                               217      217       1F         0
                text5                               280      280       18         0
                text4                               1F6      1F6       21         0
                text3                                20       20       A9         0
                text2                               1C9      1C9       2D         0
                text1                               268      268       18         0
                maintext                            152      152       43         0
                clrtext                             30D      30D        6         0

        CLASS   STRCODE        

        CLASS   STRING         

        CLASS   CONST          

        CLASS   ENTRY          

        CLASS   COMMON         
                cstackCOMMON                         70       70        A         1
                bssCOMMON                            7A       7A        2         1

        CLASS   BANK0          
                cstackBANK0                          38       38       16         1
                bssBANK0                             20       20       18         1

        CLASS   BANK1          

        CLASS   BANK2          

        CLASS   BANK3          

        CLASS   BANK4          

        CLASS   BANK5          

        CLASS   BANK6          

        CLASS   BANK7          

        CLASS   BANK8          

        CLASS   BANK9          

        CLASS   BANK10         

        CLASS   BANK11         

        CLASS   BANK12         

        CLASS   BANK13         

        CLASS   BANK14         

        CLASS   BANK15         

        CLASS   BANK16         

        CLASS   BANK17         

        CLASS   BANK18         

        CLASS   BANK19         

        CLASS   BANK20         

        CLASS   BANK21         

        CLASS   BANK22         

        CLASS   BANK23         

        CLASS   BANK24         

        CLASS   BANK25         

        CLASS   BIGRAM         

        CLASS   RAM            

        CLASS   ABS1           
                abs_s1                               7E       7E        2         1

        CLASS   SFR0           

        CLASS   SFR1           

        CLASS   SFR2           

        CLASS   SFR3           

        CLASS   SFR4           

        CLASS   SFR5           

        CLASS   SFR6           

        CLASS   SFR7           

        CLASS   SFR8           

        CLASS   SFR9           

        CLASS   SFR10          

        CLASS   SFR11          

        CLASS   SFR12          

        CLASS   SFR13          

        CLASS   SFR14          

        CLASS   SFR15          

        CLASS   SFR16          

        CLASS   SFR17          

        CLASS   SFR18          

        CLASS   SFR19          

        CLASS   SFR20          

        CLASS   SFR21          

        CLASS   SFR22          

        CLASS   SFR23          

        CLASS   SFR24          

        CLASS   SFR25          

        CLASS   SFR26          

        CLASS   SFR27          

        CLASS   SFR28          

        CLASS   SFR29          

        CLASS   SFR30          

        CLASS   SFR31          

        CLASS   SFR32          

        CLASS   SFR33          

        CLASS   SFR34          

        CLASS   SFR35          

        CLASS   SFR36          

        CLASS   SFR37          

        CLASS   SFR38          

        CLASS   SFR39          

        CLASS   SFR40          

        CLASS   SFR41          

        CLASS   SFR42          

        CLASS   SFR43          

        CLASS   SFR44          

        CLASS   SFR45          

        CLASS   SFR46          

        CLASS   SFR47          

        CLASS   SFR48          

        CLASS   SFR49          

        CLASS   SFR50          

        CLASS   SFR51          

        CLASS   SFR52          

        CLASS   SFR53          

        CLASS   SFR54          

        CLASS   SFR55          

        CLASS   SFR56          

        CLASS   SFR57          

        CLASS   SFR58          

        CLASS   SFR59          

        CLASS   SFR60          

        CLASS   SFR61          

        CLASS   SFR62          

        CLASS   SFR63          

        CLASS   CONFIG         
                config                             8007     8007        5         0

        CLASS   IDLOC          

        CLASS   BANK63         

        CLASS   BANK62         

        CLASS   BANK61         

        CLASS   BANK60         

        CLASS   BANK59         

        CLASS   BANK58         

        CLASS   BANK57         

        CLASS   BANK56         

        CLASS   BANK55         

        CLASS   BANK54         

        CLASS   BANK53         

        CLASS   BANK52         

        CLASS   BANK51         

        CLASS   BANK50         

        CLASS   BANK49         

        CLASS   BANK48         

        CLASS   BANK47         

        CLASS   BANK46         

        CLASS   BANK45         

        CLASS   BANK44         

        CLASS   BANK43         

        CLASS   BANK42         

        CLASS   BANK41         

        CLASS   BANK40         

        CLASS   BANK39         

        CLASS   BANK38         

        CLASS   BANK37         

        CLASS   BANK36         

        CLASS   BANK35         

        CLASS   BANK34         

        CLASS   BANK33         

        CLASS   BANK32         

        CLASS   BANK31         

        CLASS   BANK30         

        CLASS   BANK29         

        CLASS   BANK28         

        CLASS   BANK27         

        CLASS   BANK26         

        CLASS   EEDATA         



SEGMENTS        Name                           Load    Length   Top    Selector   Space  Class     Delta

                reset_vec                      000000  000002  000002         0       0  CODE        2
                intentry                       000004  000321  000325         8       0  CODE        2
                bssBANK0                       000020  00002E  00004E        20       1  BANK0       1
                cstackCOMMON                   000070  00000C  00007C        70       1  COMMON      1
                config                         008007  000005  00800C     1000E       0  CONFIG      2


UNUSED ADDRESS RANGES

        Name                Unused          Largest block    Delta
        BANK0            0004E-0006F              22           1
        BANK1            000A0-000EF              50           1
        BANK10           00520-0056F              50           1
        BANK11           005A0-005EF              50           1
        BANK12           00620-0066F              50           1
        BANK13           006A0-006EF              50           1
        BANK14           00720-0076F              50           1
        BANK15           007A0-007EF              50           1
        BANK16           00820-0086F              50           1
        BANK17           008A0-008EF              50           1
        BANK18           00920-0096F              50           1
        BANK19           009A0-009EF              50           1
        BANK2            00120-0016F              50           1
        BANK20           00A20-00A6F              50           1
        BANK21           00AA0-00AEF              50           1
        BANK22           00B20-00B6F              50           1
        BANK23           00BA0-00BEF              50           1
        BANK24           00C20-00C6F              50           1
        BANK25           00CA0-00CBF              20           1
        BANK3            001A0-001EF              50           1
        BANK4            00220-0026F              50           1
        BANK5            002A0-002EF              50           1
        BANK6            00320-0036F              50           1
        BANK7            003A0-003EF              50           1
        BANK8            00420-0046F              50           1
        BANK9            004A0-004EF              50           1
        BIGRAM           02000-027EF             7F0           1
        CODE             00002-00003               2           2
                         00325-03FFF             800
        COMMON           0007C-0007D               2           1
        CONST            00002-00003               2           2
                         00325-03FFF             100
        ENTRY            00002-00003               2           2
                         00325-03FFF             100
        IDLOC            08000-08003               4           2
        RAM              0004E-0006F              22           1
                         000A0-000EF              50
                         00120-0016F              50
                         001A0-001EF              50
                         00220-0026F              50
                         002A0-002EF              50
                         00320-0036F              50
                         003A0-003EF              50
                         00420-0046F              50
                         004A0-004EF              50
                         00520-0056F              50
                         005A0-005EF              50
                         00620-0066F              50
                         006A0-006EF              50
                         00720-0076F              50
                         007A0-007EF              50
                         00820-0086F              50
                         008A0-008EF              50
                         00920-0096F              50
                         009A0-009EF              50
                         00A20-00A6F              50
                         00AA0-00AEF              50
                         00B20-00B6F              50
                         00BA0-00BEF              50
                         00C20-00C6F              50
                         00CA0-00CBF              20
        SFR0             00000-0001F              20           1
        SFR1             00080-0009F              20           1
        SFR10            00500-0051F              20           1
        SFR11            00580-0059F              20           1
        SFR12            00600-0061F              20           1
        SFR13            00680-0069F              20           1
        SFR14            00700-0071F              20           1
        SFR15            00780-0079F              20           1
        SFR16            00800-0081F              20           1
        SFR17            00880-0089F              20           1
        SFR18            00900-0091F              20           1
        SFR19            00980-0099F              20           1
        SFR2             00100-0011F              20           1
        SFR20            00A00-00A1F              20           1
        SFR21            00A80-00A9F              20           1
        SFR22            00B00-00B1F              20           1
        SFR23            00B80-00B9F              20           1
        SFR24            00C00-00C1F              20           1
        SFR25            00C80-00C9F              20           1
        SFR26            00D00-00D6F              70           1
        SFR27            00D80-00DEF              70           1
        SFR28            00E00-00E6F              70           1
        SFR29            00E80-00EEF              70           1
        SFR3             00180-0019F              20           1
        SFR30            00F00-00F6F              70           1
        SFR31            00F80-00FEF              70           1
        SFR32            01000-0106F              70           1
        SFR33            01080-010EF              70           1
        SFR34            01100-0116F              70           1
        SFR35            01180-011EF              70           1
        SFR36            01200-0126F              70           1
        SFR37            01280-012EF              70           1
        SFR38            01300-0136F              70           1
        SFR39            01380-013EF              70           1
        SFR4             00200-0021F              20           1
        SFR40            01400-0146F              70           1
        SFR41            01480-014EF              70           1
        SFR42            01500-0156F              70           1
        SFR43            01580-015EF              70           1
        SFR44            01600-0166F              70           1
        SFR45            01680-016EF              70           1
        SFR46            01700-0176F              70           1
        SFR47            01780-017EF              70           1
        SFR48            01800-0186F              70           1
        SFR49            01880-018EF              70           1
        SFR5             00280-0029F              20           1
        SFR50            01900-0196F              70           1
        SFR51            01980-019EF              70           1
        SFR52            01A00-01A6F              70           1
        SFR53            01A80-01AEF              70           1
        SFR54            01B00-01B6F              70           1
        SFR55            01B80-01BEF              70           1
        SFR56            01C00-01C6F              70           1
        SFR57            01C80-01CEF              70           1
        SFR58            01D00-01D6F              70           1
        SFR59            01D80-01DEF              70           1
        SFR6             00300-0031F              20           1
        SFR60            01E00-01E6F              70           1
        SFR61            01E80-01EEF              70           1
        SFR62            01F00-01F6F              70           1
        SFR63            01F80-01FEF              70           1
        SFR7             00380-0039F              20           1
        SFR8             00400-0041F              20           1
        SFR9             00480-0049F              20           1
        STACK            0202E-027EF             7C2           1
        STRCODE          00002-00003               2           2
                         00325-03FFF            3CDB
        STRING           00002-00003               2           2
                         00325-03FFF             100

                                  Symbol Table

?___wmul                         cstackCOMMON 00072
?_atoi                           cstackCOMMON 00078
?_isdigit                        cstackCOMMON 00072
?_isspace                        cstackCOMMON 00072
?_string_to_decimal              cstackBANK0  00046
Interrupt_Switch@state           cstackCOMMON 00074
PWM3_LoadDutyValue@dutyValue     cstackCOMMON 00072
PWM4_LoadDutyValue@dutyValue     cstackCOMMON 00072
PWM5_LoadDutyValue@dutyValue     cstackCOMMON 00072
_ANSELA                          (abs)        01F38
_ANSELB                          (abs)        01F43
_ANSELC                          (abs)        01F4E
_BAUD1CON                        (abs)        0011F
_EUSART1_Initialize              text15       002DA
_INLVLA                          (abs)        01F3C
_INLVLB                          (abs)        01F47
_INLVLC                          (abs)        01F52
_INLVLE                          (abs)        01F68
_INTCONbits                      (abs)        0000B
_Interrupt_Handler               intentry     00004
_Interrupt_Switch                text19       0024F
_LATA                            (abs)        00018
_LATB                            (abs)        00019
_LATC                            (abs)        0001A
_ODCONA                          (abs)        01F3A
_ODCONB                          (abs)        01F45
_ODCONC                          (abs)        01F50
_OSCCON1                         (abs)        0088D
_OSCCON3                         (abs)        0088F
_OSCEN                           (abs)        00891
_OSCFRQ                          (abs)        00893
_OSCILLATOR_Initialize           text14       002F7
_OSCSTAT                         (abs)        00890
_OSCTUNE                         (abs)        00892
_PIE3bits                        (abs)        00719
_PIN_MANAGER_Initialize          text13       00195
_PIR3bits                        (abs)        0070F
_PIR4bits                        (abs)        00710
_PLLR                            (abs)        04480
_PMD0                            (abs)        00796
_PMD1                            (abs)        00797
_PMD2                            (abs)        00798
_PMD3                            (abs)        00799
_PMD4                            (abs)        0079A
_PMD5                            (abs)        0079B
_PMD_Initialize                  text12       00305
_PR2                             (abs)        0028D
_PWM3CON                         (abs)        00316
_PWM3DCH                         (abs)        00315
_PWM3DCL                         (abs)        00314
_PWM3_Initialize                 text11       0031F
_PWM3_LoadDutyValue              text18       002C4
_PWM4CON                         (abs)        0031A
_PWM4DCH                         (abs)        00319
_PWM4DCL                         (abs)        00318
_PWM4_Initialize                 text10       00319
_PWM4_LoadDutyValue              text17       002AE
_PWM5CON                         (abs)        0031E
_PWM5DCH                         (abs)        0031D
_PWM5DCL                         (abs)        0031C
_PWM5_Initialize                 text9        00313
_PWM5_LoadDutyValue              text16       00298
_RC0PPS                          (abs)        01F20
_RC1PPS                          (abs)        01F21
_RC1REG                          (abs)        00119
_RC1STA                          (abs)        0011D
_RC2PPS                          (abs)        01F22
_RC6PPS                          (abs)        01F26
_RX1DTPPS                        (abs)        01ECB
_SLRCONA                         (abs)        01F3B
_SLRCONB                         (abs)        01F46
_SLRCONC                         (abs)        01F51
_SP1BRGH                         (abs)        0011C
_SP1BRGL                         (abs)        0011B
_SYSTEM_Initialize               text7        00236
_T2CLKCON                        (abs)        00290
_T2CON                           (abs)        0028E
_T2CONbits                       (abs)        0028E
_T2HLT                           (abs)        0028F
_T2HLTbits                       (abs)        0028F
_T2PR                            (abs)        0028D
_T2RST                           (abs)        00291
_T2RSTbits                       (abs)        00291
_T2TMR                           (abs)        0028C
_TMR2                            (abs)        0028C
_TMR2_Initialize                 text8        002E9
_TRISA                           (abs)        00012
_TRISB                           (abs)        00013
_TRISC                           (abs)        00014
_TX1REG                          (abs)        0011A
_TX1STA                          (abs)        0011E
_UARTBuffer                      bssBANK0     00028
_UARTBufferIndex                 bssCOMMON    0007B
_UARTReceivedByte                bssCOMMON    0007A
_UART_Rx_IntHandler              text21       000C9
_WPUA                            (abs)        01F39
_WPUB                            (abs)        01F44
_WPUC                            (abs)        01F4F
_WPUE                            (abs)        01F65
__CFG_BBEN$OFF                   (abs)        00000
__CFG_BBSIZE$BB512               (abs)        00000
__CFG_BOREN$ON                   (abs)        00000
__CFG_BORV$LO                    (abs)        00000
__CFG_CLKOUTEN$OFF               (abs)        00000
__CFG_CP$OFF                     (abs)        00000
__CFG_CSWEN$ON                   (abs)        00000
__CFG_FCMEN$ON                   (abs)        00000
__CFG_FEXTOSC$OFF                (abs)        00000
__CFG_LPBOREN$OFF                (abs)        00000
__CFG_LVP$ON                     (abs)        00000
__CFG_MCLRE$ON                   (abs)        00000
__CFG_PPS1WAY$ON                 (abs)        00000
__CFG_PWRTE$OFF                  (abs)        00000
__CFG_RSTOSC$HFINTPLL            (abs)        00000
__CFG_SAFEN$OFF                  (abs)        00000
__CFG_STVREN$ON                  (abs)        00000
__CFG_WDTCCS$SC                  (abs)        00000
__CFG_WDTCPS$WDTCPS_31           (abs)        00000
__CFG_WDTCWS$WDTCWS_7            (abs)        00000
__CFG_WDTE$OFF                   (abs)        00000
__CFG_WRTAPP$OFF                 (abs)        00000
__CFG_WRTB$OFF                   (abs)        00000
__CFG_WRTC$OFF                   (abs)        00000
__CFG_WRTSAF$OFF                 (abs)        00000
__CFG_ZCD$OFF                    (abs)        00000
__Habs1                          abs1         00000
__Hbank0                         bank0        00000
__Hbank1                         bank1        00000
__Hbank10                        bank10       00000
__Hbank11                        bank11       00000
__Hbank12                        bank12       00000
__Hbank13                        bank13       00000
__Hbank14                        bank14       00000
__Hbank15                        bank15       00000
__Hbank16                        bank16       00000
__Hbank17                        bank17       00000
__Hbank18                        bank18       00000
__Hbank19                        bank19       00000
__Hbank2                         bank2        00000
__Hbank20                        bank20       00000
__Hbank21                        bank21       00000
__Hbank22                        bank22       00000
__Hbank23                        bank23       00000
__Hbank24                        bank24       00000
__Hbank25                        bank25       00000
__Hbank26                        bank26       00000
__Hbank27                        bank27       00000
__Hbank28                        bank28       00000
__Hbank29                        bank29       00000
__Hbank3                         bank3        00000
__Hbank30                        bank30       00000
__Hbank31                        bank31       00000
__Hbank32                        bank32       00000
__Hbank33                        bank33       00000
__Hbank34                        bank34       00000
__Hbank35                        bank35       00000
__Hbank36                        bank36       00000
__Hbank37                        bank37       00000
__Hbank38                        bank38       00000
__Hbank39                        bank39       00000
__Hbank4                         bank4        00000
__Hbank40                        bank40       00000
__Hbank41                        bank41       00000
__Hbank42                        bank42       00000
__Hbank43                        bank43       00000
__Hbank44                        bank44       00000
__Hbank45                        bank45       00000
__Hbank46                        bank46       00000
__Hbank47                        bank47       00000
__Hbank48                        bank48       00000
__Hbank49                        bank49       00000
__Hbank5                         bank5        00000
__Hbank50                        bank50       00000
__Hbank51                        bank51       00000
__Hbank52                        bank52       00000
__Hbank53                        bank53       00000
__Hbank54                        bank54       00000
__Hbank55                        bank55       00000
__Hbank56                        bank56       00000
__Hbank57                        bank57       00000
__Hbank58                        bank58       00000
__Hbank59                        bank59       00000
__Hbank6                         bank6        00000
__Hbank60                        bank60       00000
__Hbank61                        bank61       00000
__Hbank62                        bank62       00000
__Hbank63                        bank63       00000
__Hbank7                         bank7        00000
__Hbank8                         bank8        00000
__Hbank9                         bank9        00000
__Hbigram                        bigram       00000
__HbssBANK0                      bssBANK0     00000
__HbssCOMMON                     bssCOMMON    00000
__Hcinit                         cinit        00020
__Hclrtext                       clrtext      00000
__Hcode                          code         00000
__Hcommon                        common       00000
__Hconfig                        config       0800C
__HcstackBANK0                   cstackBANK0  00000
__HcstackCOMMON                  cstackCOMMON 00000
__Heeprom_data                   eeprom_data  00000
__Hend_init                      end_init     00012
__Hfunctab                       functab      00000
__Hidloc                         idloc        00000
__Hinit                          init         00010
__Hintentry                      intentry     00010
__Hmaintext                      maintext     00000
__Hpowerup                       powerup      00000
__Hram                           ram          00000
__Hreset_vec                     reset_vec    00002
__Hsfr0                          sfr0         00000
__Hsfr1                          sfr1         00000
__Hsfr10                         sfr10        00000
__Hsfr11                         sfr11        00000
__Hsfr12                         sfr12        00000
__Hsfr13                         sfr13        00000
__Hsfr14                         sfr14        00000
__Hsfr15                         sfr15        00000
__Hsfr16                         sfr16        00000
__Hsfr17                         sfr17        00000
__Hsfr18                         sfr18        00000
__Hsfr19                         sfr19        00000
__Hsfr2                          sfr2         00000
__Hsfr20                         sfr20        00000
__Hsfr21                         sfr21        00000
__Hsfr22                         sfr22        00000
__Hsfr23                         sfr23        00000
__Hsfr24                         sfr24        00000
__Hsfr25                         sfr25        00000
__Hsfr26                         sfr26        00000
__Hsfr27                         sfr27        00000
__Hsfr28                         sfr28        00000
__Hsfr29                         sfr29        00000
__Hsfr3                          sfr3         00000
__Hsfr30                         sfr30        00000
__Hsfr31                         sfr31        00000
__Hsfr32                         sfr32        00000
__Hsfr33                         sfr33        00000
__Hsfr34                         sfr34        00000
__Hsfr35                         sfr35        00000
__Hsfr36                         sfr36        00000
__Hsfr37                         sfr37        00000
__Hsfr38                         sfr38        00000
__Hsfr39                         sfr39        00000
__Hsfr4                          sfr4         00000
__Hsfr40                         sfr40        00000
__Hsfr41                         sfr41        00000
__Hsfr42                         sfr42        00000
__Hsfr43                         sfr43        00000
__Hsfr44                         sfr44        00000
__Hsfr45                         sfr45        00000
__Hsfr46                         sfr46        00000
__Hsfr47                         sfr47        00000
__Hsfr48                         sfr48        00000
__Hsfr49                         sfr49        00000
__Hsfr5                          sfr5         00000
__Hsfr50                         sfr50        00000
__Hsfr51                         sfr51        00000
__Hsfr52                         sfr52        00000
__Hsfr53                         sfr53        00000
__Hsfr54                         sfr54        00000
__Hsfr55                         sfr55        00000
__Hsfr56                         sfr56        00000
__Hsfr57                         sfr57        00000
__Hsfr58                         sfr58        00000
__Hsfr59                         sfr59        00000
__Hsfr6                          sfr6         00000
__Hsfr60                         sfr60        00000
__Hsfr61                         sfr61        00000
__Hsfr62                         sfr62        00000
__Hsfr63                         sfr63        00000
__Hsfr7                          sfr7         00000
__Hsfr8                          sfr8         00000
__Hsfr9                          sfr9         00000
__Hspace_0                       (abs)        0800C
__Hspace_1                       (abs)        0007C
__Hspace_2                       (abs)        00000
__Hspace_3                       (abs)        00000
__Hstack                         stack        00000
__Hstrings                       strings      00000
__Htext                          text         00000
__Labs1                          abs1         00000
__Lbank0                         bank0        00000
__Lbank1                         bank1        00000
__Lbank10                        bank10       00000
__Lbank11                        bank11       00000
__Lbank12                        bank12       00000
__Lbank13                        bank13       00000
__Lbank14                        bank14       00000
__Lbank15                        bank15       00000
__Lbank16                        bank16       00000
__Lbank17                        bank17       00000
__Lbank18                        bank18       00000
__Lbank19                        bank19       00000
__Lbank2                         bank2        00000
__Lbank20                        bank20       00000
__Lbank21                        bank21       00000
__Lbank22                        bank22       00000
__Lbank23                        bank23       00000
__Lbank24                        bank24       00000
__Lbank25                        bank25       00000
__Lbank26                        bank26       00000
__Lbank27                        bank27       00000
__Lbank28                        bank28       00000
__Lbank29                        bank29       00000
__Lbank3                         bank3        00000
__Lbank30                        bank30       00000
__Lbank31                        bank31       00000
__Lbank32                        bank32       00000
__Lbank33                        bank33       00000
__Lbank34                        bank34       00000
__Lbank35                        bank35       00000
__Lbank36                        bank36       00000
__Lbank37                        bank37       00000
__Lbank38                        bank38       00000
__Lbank39                        bank39       00000
__Lbank4                         bank4        00000
__Lbank40                        bank40       00000
__Lbank41                        bank41       00000
__Lbank42                        bank42       00000
__Lbank43                        bank43       00000
__Lbank44                        bank44       00000
__Lbank45                        bank45       00000
__Lbank46                        bank46       00000
__Lbank47                        bank47       00000
__Lbank48                        bank48       00000
__Lbank49                        bank49       00000
__Lbank5                         bank5        00000
__Lbank50                        bank50       00000
__Lbank51                        bank51       00000
__Lbank52                        bank52       00000
__Lbank53                        bank53       00000
__Lbank54                        bank54       00000
__Lbank55                        bank55       00000
__Lbank56                        bank56       00000
__Lbank57                        bank57       00000
__Lbank58                        bank58       00000
__Lbank59                        bank59       00000
__Lbank6                         bank6        00000
__Lbank60                        bank60       00000
__Lbank61                        bank61       00000
__Lbank62                        bank62       00000
__Lbank63                        bank63       00000
__Lbank7                         bank7        00000
__Lbank8                         bank8        00000
__Lbank9                         bank9        00000
__Lbigram                        bigram       00000
__LbssBANK0                      bssBANK0     00000
__LbssCOMMON                     bssCOMMON    00000
__Lcinit                         cinit        00012
__Lclrtext                       clrtext      00000
__Lcode                          code         00000
__Lcommon                        common       00000
__Lconfig                        config       08007
__LcstackBANK0                   cstackBANK0  00000
__LcstackCOMMON                  cstackCOMMON 00000
__Leeprom_data                   eeprom_data  00000
__Lend_init                      end_init     00010
__Lfunctab                       functab      00000
__Lidloc                         idloc        00000
__Linit                          init         00010
__Lintentry                      intentry     00004
__Lmaintext                      maintext     00000
__Lpowerup                       powerup      00000
__Lram                           ram          00000
__Lreset_vec                     reset_vec    00000
__Lsfr0                          sfr0         00000
__Lsfr1                          sfr1         00000
__Lsfr10                         sfr10        00000
__Lsfr11                         sfr11        00000
__Lsfr12                         sfr12        00000
__Lsfr13                         sfr13        00000
__Lsfr14                         sfr14        00000
__Lsfr15                         sfr15        00000
__Lsfr16                         sfr16        00000
__Lsfr17                         sfr17        00000
__Lsfr18                         sfr18        00000
__Lsfr19                         sfr19        00000
__Lsfr2                          sfr2         00000
__Lsfr20                         sfr20        00000
__Lsfr21                         sfr21        00000
__Lsfr22                         sfr22        00000
__Lsfr23                         sfr23        00000
__Lsfr24                         sfr24        00000
__Lsfr25                         sfr25        00000
__Lsfr26                         sfr26        00000
__Lsfr27                         sfr27        00000
__Lsfr28                         sfr28        00000
__Lsfr29                         sfr29        00000
__Lsfr3                          sfr3         00000
__Lsfr30                         sfr30        00000
__Lsfr31                         sfr31        00000
__Lsfr32                         sfr32        00000
__Lsfr33                         sfr33        00000
__Lsfr34                         sfr34        00000
__Lsfr35                         sfr35        00000
__Lsfr36                         sfr36        00000
__Lsfr37                         sfr37        00000
__Lsfr38                         sfr38        00000
__Lsfr39                         sfr39        00000
__Lsfr4                          sfr4         00000
__Lsfr40                         sfr40        00000
__Lsfr41                         sfr41        00000
__Lsfr42                         sfr42        00000
__Lsfr43                         sfr43        00000
__Lsfr44                         sfr44        00000
__Lsfr45                         sfr45        00000
__Lsfr46                         sfr46        00000
__Lsfr47                         sfr47        00000
__Lsfr48                         sfr48        00000
__Lsfr49                         sfr49        00000
__Lsfr5                          sfr5         00000
__Lsfr50                         sfr50        00000
__Lsfr51                         sfr51        00000
__Lsfr52                         sfr52        00000
__Lsfr53                         sfr53        00000
__Lsfr54                         sfr54        00000
__Lsfr55                         sfr55        00000
__Lsfr56                         sfr56        00000
__Lsfr57                         sfr57        00000
__Lsfr58                         sfr58        00000
__Lsfr59                         sfr59        00000
__Lsfr6                          sfr6         00000
__Lsfr60                         sfr60        00000
__Lsfr61                         sfr61        00000
__Lsfr62                         sfr62        00000
__Lsfr63                         sfr63        00000
__Lsfr7                          sfr7         00000
__Lsfr8                          sfr8         00000
__Lsfr9                          sfr9         00000
__Lspace_0                       (abs)        00000
__Lspace_1                       (abs)        00000
__Lspace_2                       (abs)        00000
__Lspace_3                       (abs)        00000
__Lstack                         stack        00000
__Lstrings                       strings      00000
__Ltext                          text         00000
__S0                             (abs)        0800C
__S1                             (abs)        0007C
__S2                             (abs)        00000
___int_sp                        stack        00000
___latbits                       (abs)        00003
___sp                            stack        00000
___stackhi                       (abs)        027EF
___stacklo                       (abs)        0202E
___wmul                          text6        00217
___wmul@multiplicand             cstackCOMMON 00074
___wmul@multiplier               cstackCOMMON 00072
___wmul@product                  cstackCOMMON 00076
__end_of_EUSART1_Initialize      text15       002E9
__end_of_Interrupt_Handler       intentry     00010
__end_of_Interrupt_Switch        text19       00268
__end_of_OSCILLATOR_Initialize   text14       00305
__end_of_PIN_MANAGER_Initialize  text13       001C9
__end_of_PMD_Initialize          text12       0030D
__end_of_PWM3_Initialize         text11       00325
__end_of_PWM3_LoadDutyValue      text18       002DA
__end_of_PWM4_Initialize         text10       0031F
__end_of_PWM4_LoadDutyValue      text17       002C4
__end_of_PWM5_Initialize         text9        00319
__end_of_PWM5_LoadDutyValue      text16       002AE
__end_of_SYSTEM_Initialize       text7        0024F
__end_of_TMR2_Initialize         text8        002F7
__end_of_UART_Rx_IntHandler      text21       00152
__end_of___wmul                  text6        00236
__end_of__initialization         cinit        0001C
__end_of_atoi                    text3        000C9
__end_of_isdigit                 text5        00298
__end_of_isspace                 text4        00217
__end_of_main                    maintext     00195
__end_of_memcpy                  text2        001F6
__end_of_string_to_decimal       text1        00280
__initialization                 cinit        00012
__pbssBANK0                      bssBANK0     00020
__pbssCOMMON                     bssCOMMON    0007A
__pcstackBANK0                   cstackBANK0  00038
__pcstackCOMMON                  cstackCOMMON 00070
__pintentry                      intentry     00004
__pmaintext                      maintext     00152
__ptext1                         text1        00268
__ptext10                        text10       00319
__ptext11                        text11       0031F
__ptext12                        text12       00305
__ptext13                        text13       00195
__ptext14                        text14       002F7
__ptext15                        text15       002DA
__ptext16                        text16       00298
__ptext17                        text17       002AE
__ptext18                        text18       002C4
__ptext19                        text19       0024F
__ptext2                         text2        001C9
__ptext21                        text21       000C9
__ptext3                         text3        00020
__ptext4                         text4        001F6
__ptext5                         text5        00280
__ptext6                         text6        00217
__ptext7                         text7        00236
__ptext8                         text8        002E9
__ptext9                         text9        00313
__size_of_EUSART1_Initialize     (abs)        00000
__size_of_Interrupt_Handler      (abs)        00000
__size_of_Interrupt_Switch       (abs)        00000
__size_of_OSCILLATOR_Initialize  (abs)        00000
__size_of_PIN_MANAGER_Initialize (abs)        00000
__size_of_PMD_Initialize         (abs)        00000
__size_of_PWM3_Initialize        (abs)        00000
__size_of_PWM3_LoadDutyValue     (abs)        00000
__size_of_PWM4_Initialize        (abs)        00000
__size_of_PWM4_LoadDutyValue     (abs)        00000
__size_of_PWM5_Initialize        (abs)        00000
__size_of_PWM5_LoadDutyValue     (abs)        00000
__size_of_SYSTEM_Initialize      (abs)        00000
__size_of_TMR2_Initialize        (abs)        00000
__size_of_UART_Rx_IntHandler     (abs)        00000
__size_of___wmul                 (abs)        00000
__size_of_atoi                   (abs)        00000
__size_of_isdigit                (abs)        00000
__size_of_isspace                (abs)        00000
__size_of_main                   (abs)        00000
__size_of_memcpy                 (abs)        00000
__size_of_string_to_decimal      (abs)        00000
_atoi                            text3        00020
_atoi$830                        cstackBANK0  0003E
_atoi$831                        cstackBANK0  00042
_atoi$832                        cstackBANK0  00040
_isdigit                         text5        00280
_isspace                         text4        001F6
_isspace$848                     cstackCOMMON 00076
_main                            maintext     00152
_memcpy                          text2        001C9
_receive_state                   bssBANK0     00026
_rgb                             bssBANK0     00020
_string_to_decimal               text1        00268
_transfer_done                   bssBANK0     00027
atoi@n                           cstackBANK0  00043
atoi@neg                         cstackBANK0  0003C
atoi@s                           cstackBANK0  00045
btemp                            (abs)        0007E
clear_ram0                       clrtext      0030D
end_of_initialization            cinit        0001C
int$flags                        (abs)        0007E
intlevel0                        functab      00000
intlevel1                        functab      00000
intlevel2                        functab      00000
intlevel3                        functab      00000
intlevel4                        functab      00000
intlevel5                        functab      00000
isdigit@c                        cstackCOMMON 00072
isspace@c                        cstackCOMMON 00072
memcpy@d                         cstackCOMMON 00078
memcpy@d1                        cstackCOMMON 00077
memcpy@n                         cstackCOMMON 00073
memcpy@s                         cstackCOMMON 00079
memcpy@s1                        cstackCOMMON 00072
memcpy@tmp                       cstackCOMMON 00076
reset_vec                        reset_vec    00000
start                            init         00010
start_initialization             cinit        00012
string_to_decimal@buffer         cstackBANK0  0004D
string_to_decimal@temp_buffer    cstackBANK0  00049
wtemp0                           (abs)        0007E


FUNCTION INFORMATION:

 *************** function _main *****************
 Defined at:
		line 66 in file "main.c"
 Parameters:    Size  Location     Type
		None
 Auto vars:     Size  Location     Type
  state           1    0        unsigned char 
 Return value:  Size  Location     Type
                  1    wreg      void 
 Registers used:
		wreg, fsr0l, fsr0h, fsr1l, fsr1h, status,2, status,0, pclath, cstack
 Tracked objects:
		On entry : 
		On exit  : 
		Unchanged: 
 Data sizes:     COMMON   BANK0   BANK1   BANK2   BANK3   BANK4   BANK5   BANK6   BANK7   BANK8   BANK9  BANK10  BANK11  BANK12  BANK13  BANK14  BANK15  BANK16  BANK17  BANK18  BANK19  BANK20  BANK21  BANK22  BANK23  BANK24  BANK25
      Params:         0       0       0       0       0       0       0       0       0       0       0       0       0       0       0       0       0       0       0       0       0       0       0       0       0       0       0
      Locals:         0       1       0       0       0       0       0       0       0       0       0       0       0       0       0       0       0       0       0       0       0       0       0       0       0       0       0
      Temps:          0       0       0       0       0       0       0       0       0       0       0       0       0       0       0       0       0       0       0       0       0       0       0       0       0       0       0
      Totals:         0       1       0       0       0       0       0       0       0       0       0       0       0       0       0       0       0       0       0       0       0       0       0       0       0       0       0
Total ram usage:        1 bytes
 Hardware stack levels required when called:    5
 This function calls:
		_Interrupt_Switch
		_PWM3_LoadDutyValue
		_PWM4_LoadDutyValue
		_PWM5_LoadDutyValue
		_SYSTEM_Initialize
		_string_to_decimal
 This function is called by:
		Startup code after reset
 This function uses a non-reentrant model


 *************** function _string_to_decimal *****************
 Defined at:
		line 60 in file "main.c"
 Parameters:    Size  Location     Type
  buffer          1    wreg     PTR unsigned char 
		 -> UARTBuffer(16), 
 Auto vars:     Size  Location     Type
  buffer          1   21[BANK0 ] PTR unsigned char 
		 -> UARTBuffer(16), 
  temp_buffer     4   17[BANK0 ] unsigned char [4]
 Return value:  Size  Location     Type
                  2   14[BANK0 ] unsigned short 
 Registers used:
		wreg, fsr0l, fsr0h, fsr1l, fsr1h, status,2, status,0, pclath, cstack
 Tracked objects:
		On entry : 
		On exit  : 
		Unchanged: 
 Data sizes:     COMMON   BANK0   BANK1   BANK2   BANK3   BANK4   BANK5   BANK6   BANK7   BANK8   BANK9  BANK10  BANK11  BANK12  BANK13  BANK14  BANK15  BANK16  BANK17  BANK18  BANK19  BANK20  BANK21  BANK22  BANK23  BANK24  BANK25
      Params:         0       2       0       0       0       0       0       0       0       0       0       0       0       0       0       0       0       0       0       0       0       0       0       0       0       0       0
      Locals:         0       5       0       0       0       0       0       0       0       0       0       0       0       0       0       0       0       0       0       0       0       0       0       0       0       0       0
      Temps:          0       1       0       0       0       0       0       0       0       0       0       0       0       0       0       0       0       0       0       0       0       0       0       0       0       0       0
      Totals:         0       8       0       0       0       0       0       0       0       0       0       0       0       0       0       0       0       0       0       0       0       0       0       0       0       0       0
Total ram usage:        8 bytes
 Hardware stack levels used:    1
 Hardware stack levels required when called:    4
 This function calls:
		_atoi
		_memcpy
 This function is called by:
		_main
 This function uses a non-reentrant model


 *************** function _memcpy *****************
 Defined at:
		line 4 in file "D:\Program Files (x86)\Microchip\xc8\v2.10\pic\sources\c99\common\memcpy.c"
 Parameters:    Size  Location     Type
  d1              1    wreg     PTR void 
		 -> string_to_decimal@temp_buffer(4), 
  s1              1    2[COMMON] PTR const void 
		 -> UARTBuffer(16), 
  n               2    3[COMMON] unsigned int 
 Auto vars:     Size  Location     Type
  d1              1    7[COMMON] PTR void 
		 -> string_to_decimal@temp_buffer(4), 
  s               1    9[COMMON] PTR const unsigned char 
		 -> UARTBuffer(16), 
  d               1    8[COMMON] PTR unsigned char 
		 -> string_to_decimal@temp_buffer(4), 
  tmp             1    6[COMMON] unsigned char 
 Return value:  Size  Location     Type
                  1    wreg      PTR void 
 Registers used:
		wreg, fsr1l, fsr1h, status,2, status,0
 Tracked objects:
		On entry : 
		On exit  : 
		Unchanged: 
 Data sizes:     COMMON   BANK0   BANK1   BANK2   BANK3   BANK4   BANK5   BANK6   BANK7   BANK8   BANK9  BANK10  BANK11  BANK12  BANK13  BANK14  BANK15  BANK16  BANK17  BANK18  BANK19  BANK20  BANK21  BANK22  BANK23  BANK24  BANK25
      Params:         3       0       0       0       0       0       0       0       0       0       0       0       0       0       0       0       0       0       0       0       0       0       0       0       0       0       0
      Locals:         4       0       0       0       0       0       0       0       0       0       0       0       0       0       0       0       0       0       0       0       0       0       0       0       0       0       0
      Temps:          1       0       0       0       0       0       0       0       0       0       0       0       0       0       0       0       0       0       0       0       0       0       0       0       0       0       0
      Totals:         8       0       0       0       0       0       0       0       0       0       0       0       0       0       0       0       0       0       0       0       0       0       0       0       0       0       0
Total ram usage:        8 bytes
 Hardware stack levels used:    1
 Hardware stack levels required when called:    2
 This function calls:
		Nothing
 This function is called by:
		_string_to_decimal
 This function uses a non-reentrant model


 *************** function _atoi *****************
 Defined at:
		line 4 in file "D:\Program Files (x86)\Microchip\xc8\v2.10\pic\sources\c99\common\atoi.c"
 Parameters:    Size  Location     Type
  s               1    wreg     PTR const unsigned char 
		 -> string_to_decimal@temp_buffer(4), 
 Auto vars:     Size  Location     Type
  s               1   13[BANK0 ] PTR const unsigned char 
		 -> string_to_decimal@temp_buffer(4), 
  n               2   11[BANK0 ] int 
  neg             2    4[BANK0 ] int 
 Return value:  Size  Location     Type
                  2    8[COMMON] int 
 Registers used:
		wreg, fsr0l, fsr0h, fsr1l, fsr1h, status,2, status,0, pclath, cstack
 Tracked objects:
		On entry : 
		On exit  : 
		Unchanged: 
 Data sizes:     COMMON   BANK0   BANK1   BANK2   BANK3   BANK4   BANK5   BANK6   BANK7   BANK8   BANK9  BANK10  BANK11  BANK12  BANK13  BANK14  BANK15  BANK16  BANK17  BANK18  BANK19  BANK20  BANK21  BANK22  BANK23  BANK24  BANK25
      Params:         2       0       0       0       0       0       0       0       0       0       0       0       0       0       0       0       0       0       0       0       0       0       0       0       0       0       0
      Locals:         0      10       0       0       0       0       0       0       0       0       0       0       0       0       0       0       0       0       0       0       0       0       0       0       0       0       0
      Temps:          0       4       0       0       0       0       0       0       0       0       0       0       0       0       0       0       0       0       0       0       0       0       0       0       0       0       0
      Totals:         2      14       0       0       0       0       0       0       0       0       0       0       0       0       0       0       0       0       0       0       0       0       0       0       0       0       0
Total ram usage:       16 bytes
 Hardware stack levels used:    1
 Hardware stack levels required when called:    3
 This function calls:
		___wmul
		_isdigit
		_isspace
 This function is called by:
		_string_to_decimal
 This function uses a non-reentrant model


 *************** function _isspace *****************
 Defined at:
		line 5 in file "D:\Program Files (x86)\Microchip\xc8\v2.10\pic\sources\c99\common\isspace.c"
 Parameters:    Size  Location     Type
  c               2    2[COMMON] int 
 Auto vars:     Size  Location     Type
		None
 Return value:  Size  Location     Type
                  2    2[COMMON] int 
 Registers used:
		wreg, status,2, status,0
 Tracked objects:
		On entry : 
		On exit  : 
		Unchanged: 
 Data sizes:     COMMON   BANK0   BANK1   BANK2   BANK3   BANK4   BANK5   BANK6   BANK7   BANK8   BANK9  BANK10  BANK11  BANK12  BANK13  BANK14  BANK15  BANK16  BANK17  BANK18  BANK19  BANK20  BANK21  BANK22  BANK23  BANK24  BANK25
      Params:         2       0       0       0       0       0       0       0       0       0       0       0       0       0       0       0       0       0       0       0       0       0       0       0       0       0       0
      Locals:         1       0       0       0       0       0       0       0       0       0       0       0       0       0       0       0       0       0       0       0       0       0       0       0       0       0       0
      Temps:          2       0       0       0       0       0       0       0       0       0       0       0       0       0       0       0       0       0       0       0       0       0       0       0       0       0       0
      Totals:         5       0       0       0       0       0       0       0       0       0       0       0       0       0       0       0       0       0       0       0       0       0       0       0       0       0       0
Total ram usage:        5 bytes
 Hardware stack levels used:    1
 Hardware stack levels required when called:    2
 This function calls:
		Nothing
 This function is called by:
		_atoi
 This function uses a non-reentrant model


 *************** function _isdigit *****************
 Defined at:
		line 5 in file "D:\Program Files (x86)\Microchip\xc8\v2.10\pic\sources\c99\common\isdigit.c"
 Parameters:    Size  Location     Type
  c               2    2[COMMON] int 
 Auto vars:     Size  Location     Type
		None
 Return value:  Size  Location     Type
                  2    2[COMMON] int 
 Registers used:
		wreg, status,2, status,0
 Tracked objects:
		On entry : 
		On exit  : 
		Unchanged: 
 Data sizes:     COMMON   BANK0   BANK1   BANK2   BANK3   BANK4   BANK5   BANK6   BANK7   BANK8   BANK9  BANK10  BANK11  BANK12  BANK13  BANK14  BANK15  BANK16  BANK17  BANK18  BANK19  BANK20  BANK21  BANK22  BANK23  BANK24  BANK25
      Params:         2       0       0       0       0       0       0       0       0       0       0       0       0       0       0       0       0       0       0       0       0       0       0       0       0       0       0
      Locals:         0       0       0       0       0       0       0       0       0       0       0       0       0       0       0       0       0       0       0       0       0       0       0       0       0       0       0
      Temps:          4       0       0       0       0       0       0       0       0       0       0       0       0       0       0       0       0       0       0       0       0       0       0       0       0       0       0
      Totals:         6       0       0       0       0       0       0       0       0       0       0       0       0       0       0       0       0       0       0       0       0       0       0       0       0       0       0
Total ram usage:        6 bytes
 Hardware stack levels used:    1
 Hardware stack levels required when called:    2
 This function calls:
		Nothing
 This function is called by:
		_atoi
 This function uses a non-reentrant model


 *************** function ___wmul *****************
 Defined at:
		line 15 in file "D:\Program Files (x86)\Microchip\xc8\v2.10\pic\sources\c99\common\Umul16.c"
 Parameters:    Size  Location     Type
  multiplier      2    2[COMMON] unsigned int 
  multiplicand    2    4[COMMON] unsigned int 
 Auto vars:     Size  Location     Type
  product         2    6[COMMON] unsigned int 
 Return value:  Size  Location     Type
                  2    2[COMMON] unsigned int 
 Registers used:
		wreg, status,2, status,0
 Tracked objects:
		On entry : 
		On exit  : 
		Unchanged: 
 Data sizes:     COMMON   BANK0   BANK1   BANK2   BANK3   BANK4   BANK5   BANK6   BANK7   BANK8   BANK9  BANK10  BANK11  BANK12  BANK13  BANK14  BANK15  BANK16  BANK17  BANK18  BANK19  BANK20  BANK21  BANK22  BANK23  BANK24  BANK25
      Params:         4       0       0       0       0       0       0       0       0       0       0       0       0       0       0       0       0       0       0       0       0       0       0       0       0       0       0
      Locals:         2       0       0       0       0       0       0       0       0       0       0       0       0       0       0       0       0       0       0       0       0       0       0       0       0       0       0
      Temps:          0       0       0       0       0       0       0       0       0       0       0       0       0       0       0       0       0       0       0       0       0       0       0       0       0       0       0
      Totals:         6       0       0       0       0       0       0       0       0       0       0       0       0       0       0       0       0       0       0       0       0       0       0       0       0       0       0
Total ram usage:        6 bytes
 Hardware stack levels used:    1
 Hardware stack levels required when called:    2
 This function calls:
		Nothing
 This function is called by:
		_atoi
 This function uses a non-reentrant model


 *************** function _SYSTEM_Initialize *****************
 Defined at:
		line 50 in file "mcc_generated_files/mcc.c"
 Parameters:    Size  Location     Type
		None
 Auto vars:     Size  Location     Type
		None
 Return value:  Size  Location     Type
                  1    wreg      void 
 Registers used:
		wreg, status,2, status,0, pclath, cstack
 Tracked objects:
		On entry : 
		On exit  : 
		Unchanged: 
 Data sizes:     COMMON   BANK0   BANK1   BANK2   BANK3   BANK4   BANK5   BANK6   BANK7   BANK8   BANK9  BANK10  BANK11  BANK12  BANK13  BANK14  BANK15  BANK16  BANK17  BANK18  BANK19  BANK20  BANK21  BANK22  BANK23  BANK24  BANK25
      Params:         0       0       0       0       0       0       0       0       0       0       0       0       0       0       0       0       0       0       0       0       0       0       0       0       0       0       0
      Locals:         0       0       0       0       0       0       0       0       0       0       0       0       0       0       0       0       0       0       0       0       0       0       0       0       0       0       0
      Temps:          0       0       0       0       0       0       0       0       0       0       0       0       0       0       0       0       0       0       0       0       0       0       0       0       0       0       0
      Totals:         0       0       0       0       0       0       0       0       0       0       0       0       0       0       0       0       0       0       0       0       0       0       0       0       0       0       0
Total ram usage:        0 bytes
 Hardware stack levels used:    1
 Hardware stack levels required when called:    3
 This function calls:
		_EUSART1_Initialize
		_OSCILLATOR_Initialize
		_PIN_MANAGER_Initialize
		_PMD_Initialize
		_PWM3_Initialize
		_PWM4_Initialize
		_PWM5_Initialize
		_TMR2_Initialize
 This function is called by:
		_main
 This function uses a non-reentrant model


 *************** function _TMR2_Initialize *****************
 Defined at:
		line 62 in file "mcc_generated_files/tmr2.c"
 Parameters:    Size  Location     Type
		None
 Auto vars:     Size  Location     Type
		None
 Return value:  Size  Location     Type
                  1    wreg      void 
 Registers used:
		wreg, status,2
 Tracked objects:
		On entry : 
		On exit  : 
		Unchanged: 
 Data sizes:     COMMON   BANK0   BANK1   BANK2   BANK3   BANK4   BANK5   BANK6   BANK7   BANK8   BANK9  BANK10  BANK11  BANK12  BANK13  BANK14  BANK15  BANK16  BANK17  BANK18  BANK19  BANK20  BANK21  BANK22  BANK23  BANK24  BANK25
      Params:         0       0       0       0       0       0       0       0       0       0       0       0       0       0       0       0       0       0       0       0       0       0       0       0       0       0       0
      Locals:         0       0       0       0       0       0       0       0       0       0       0       0       0       0       0       0       0       0       0       0       0       0       0       0       0       0       0
      Temps:          0       0       0       0       0       0       0       0       0       0       0       0       0       0       0       0       0       0       0       0       0       0       0       0       0       0       0
      Totals:         0       0       0       0       0       0       0       0       0       0       0       0       0       0       0       0       0       0       0       0       0       0       0       0       0       0       0
Total ram usage:        0 bytes
 Hardware stack levels used:    1
 Hardware stack levels required when called:    2
 This function calls:
		Nothing
 This function is called by:
		_SYSTEM_Initialize
 This function uses a non-reentrant model


 *************** function _PWM5_Initialize *****************
 Defined at:
		line 58 in file "mcc_generated_files/pwm5.c"
 Parameters:    Size  Location     Type
		None
 Auto vars:     Size  Location     Type
		None
 Return value:  Size  Location     Type
                  1    wreg      void 
 Registers used:
		wreg, status,2
 Tracked objects:
		On entry : 
		On exit  : 
		Unchanged: 
 Data sizes:     COMMON   BANK0   BANK1   BANK2   BANK3   BANK4   BANK5   BANK6   BANK7   BANK8   BANK9  BANK10  BANK11  BANK12  BANK13  BANK14  BANK15  BANK16  BANK17  BANK18  BANK19  BANK20  BANK21  BANK22  BANK23  BANK24  BANK25
      Params:         0       0       0       0       0       0       0       0       0       0       0       0       0       0       0       0       0       0       0       0       0       0       0       0       0       0       0
      Locals:         0       0       0       0       0       0       0       0       0       0       0       0       0       0       0       0       0       0       0       0       0       0       0       0       0       0       0
      Temps:          0       0       0       0       0       0       0       0       0       0       0       0       0       0       0       0       0       0       0       0       0       0       0       0       0       0       0
      Totals:         0       0       0       0       0       0       0       0       0       0       0       0       0       0       0       0       0       0       0       0       0       0       0       0       0       0       0
Total ram usage:        0 bytes
 Hardware stack levels used:    1
 Hardware stack levels required when called:    2
 This function calls:
		Nothing
 This function is called by:
		_SYSTEM_Initialize
 This function uses a non-reentrant model


 *************** function _PWM4_Initialize *****************
 Defined at:
		line 58 in file "mcc_generated_files/pwm4.c"
 Parameters:    Size  Location     Type
		None
 Auto vars:     Size  Location     Type
		None
 Return value:  Size  Location     Type
                  1    wreg      void 
 Registers used:
		wreg, status,2
 Tracked objects:
		On entry : 
		On exit  : 
		Unchanged: 
 Data sizes:     COMMON   BANK0   BANK1   BANK2   BANK3   BANK4   BANK5   BANK6   BANK7   BANK8   BANK9  BANK10  BANK11  BANK12  BANK13  BANK14  BANK15  BANK16  BANK17  BANK18  BANK19  BANK20  BANK21  BANK22  BANK23  BANK24  BANK25
      Params:         0       0       0       0       0       0       0       0       0       0       0       0       0       0       0       0       0       0       0       0       0       0       0       0       0       0       0
      Locals:         0       0       0       0       0       0       0       0       0       0       0       0       0       0       0       0       0       0       0       0       0       0       0       0       0       0       0
      Temps:          0       0       0       0       0       0       0       0       0       0       0       0       0       0       0       0       0       0       0       0       0       0       0       0       0       0       0
      Totals:         0       0       0       0       0       0       0       0       0       0       0       0       0       0       0       0       0       0       0       0       0       0       0       0       0       0       0
Total ram usage:        0 bytes
 Hardware stack levels used:    1
 Hardware stack levels required when called:    2
 This function calls:
		Nothing
 This function is called by:
		_SYSTEM_Initialize
 This function uses a non-reentrant model


 *************** function _PWM3_Initialize *****************
 Defined at:
		line 58 in file "mcc_generated_files/pwm3.c"
 Parameters:    Size  Location     Type
		None
 Auto vars:     Size  Location     Type
		None
 Return value:  Size  Location     Type
                  1    wreg      void 
 Registers used:
		wreg, status,2
 Tracked objects:
		On entry : 
		On exit  : 
		Unchanged: 
 Data sizes:     COMMON   BANK0   BANK1   BANK2   BANK3   BANK4   BANK5   BANK6   BANK7   BANK8   BANK9  BANK10  BANK11  BANK12  BANK13  BANK14  BANK15  BANK16  BANK17  BANK18  BANK19  BANK20  BANK21  BANK22  BANK23  BANK24  BANK25
      Params:         0       0       0       0       0       0       0       0       0       0       0       0       0       0       0       0       0       0       0       0       0       0       0       0       0       0       0
      Locals:         0       0       0       0       0       0       0       0       0       0       0       0       0       0       0       0       0       0       0       0       0       0       0       0       0       0       0
      Temps:          0       0       0       0       0       0       0       0       0       0       0       0       0       0       0       0       0       0       0       0       0       0       0       0       0       0       0
      Totals:         0       0       0       0       0       0       0       0       0       0       0       0       0       0       0       0       0       0       0       0       0       0       0       0       0       0       0
Total ram usage:        0 bytes
 Hardware stack levels used:    1
 Hardware stack levels required when called:    2
 This function calls:
		Nothing
 This function is called by:
		_SYSTEM_Initialize
 This function uses a non-reentrant model


 *************** function _PMD_Initialize *****************
 Defined at:
		line 82 in file "mcc_generated_files/mcc.c"
 Parameters:    Size  Location     Type
		None
 Auto vars:     Size  Location     Type
		None
 Return value:  Size  Location     Type
                  1    wreg      void 
 Registers used:
		status,2
 Tracked objects:
		On entry : 
		On exit  : 
		Unchanged: 
 Data sizes:     COMMON   BANK0   BANK1   BANK2   BANK3   BANK4   BANK5   BANK6   BANK7   BANK8   BANK9  BANK10  BANK11  BANK12  BANK13  BANK14  BANK15  BANK16  BANK17  BANK18  BANK19  BANK20  BANK21  BANK22  BANK23  BANK24  BANK25
      Params:         0       0       0       0       0       0       0       0       0       0       0       0       0       0       0       0       0       0       0       0       0       0       0       0       0       0       0
      Locals:         0       0       0       0       0       0       0       0       0       0       0       0       0       0       0       0       0       0       0       0       0       0       0       0       0       0       0
      Temps:          0       0       0       0       0       0       0       0       0       0       0       0       0       0       0       0       0       0       0       0       0       0       0       0       0       0       0
      Totals:         0       0       0       0       0       0       0       0       0       0       0       0       0       0       0       0       0       0       0       0       0       0       0       0       0       0       0
Total ram usage:        0 bytes
 Hardware stack levels used:    1
 Hardware stack levels required when called:    2
 This function calls:
		Nothing
 This function is called by:
		_SYSTEM_Initialize
 This function uses a non-reentrant model


 *************** function _PIN_MANAGER_Initialize *****************
 Defined at:
		line 55 in file "mcc_generated_files/pin_manager.c"
 Parameters:    Size  Location     Type
		None
 Auto vars:     Size  Location     Type
		None
 Return value:  Size  Location     Type
                  1    wreg      void 
 Registers used:
		wreg, status,2
 Tracked objects:
		On entry : 
		On exit  : 
		Unchanged: 
 Data sizes:     COMMON   BANK0   BANK1   BANK2   BANK3   BANK4   BANK5   BANK6   BANK7   BANK8   BANK9  BANK10  BANK11  BANK12  BANK13  BANK14  BANK15  BANK16  BANK17  BANK18  BANK19  BANK20  BANK21  BANK22  BANK23  BANK24  BANK25
      Params:         0       0       0       0       0       0       0       0       0       0       0       0       0       0       0       0       0       0       0       0       0       0       0       0       0       0       0
      Locals:         0       0       0       0       0       0       0       0       0       0       0       0       0       0       0       0       0       0       0       0       0       0       0       0       0       0       0
      Temps:          0       0       0       0       0       0       0       0       0       0       0       0       0       0       0       0       0       0       0       0       0       0       0       0       0       0       0
      Totals:         0       0       0       0       0       0       0       0       0       0       0       0       0       0       0       0       0       0       0       0       0       0       0       0       0       0       0
Total ram usage:        0 bytes
 Hardware stack levels used:    1
 Hardware stack levels required when called:    2
 This function calls:
		Nothing
 This function is called by:
		_SYSTEM_Initialize
 This function uses a non-reentrant model


 *************** function _OSCILLATOR_Initialize *****************
 Defined at:
		line 62 in file "mcc_generated_files/mcc.c"
 Parameters:    Size  Location     Type
		None
 Auto vars:     Size  Location     Type
		None
 Return value:  Size  Location     Type
                  1    wreg      void 
 Registers used:
		wreg, status,2
 Tracked objects:
		On entry : 
		On exit  : 
		Unchanged: 
 Data sizes:     COMMON   BANK0   BANK1   BANK2   BANK3   BANK4   BANK5   BANK6   BANK7   BANK8   BANK9  BANK10  BANK11  BANK12  BANK13  BANK14  BANK15  BANK16  BANK17  BANK18  BANK19  BANK20  BANK21  BANK22  BANK23  BANK24  BANK25
      Params:         0       0       0       0       0       0       0       0       0       0       0       0       0       0       0       0       0       0       0       0       0       0       0       0       0       0       0
      Locals:         0       0       0       0       0       0       0       0       0       0       0       0       0       0       0       0       0       0       0       0       0       0       0       0       0       0       0
      Temps:          0       0       0       0       0       0       0       0       0       0       0       0       0       0       0       0       0       0       0       0       0       0       0       0       0       0       0
      Totals:         0       0       0       0       0       0       0       0       0       0       0       0       0       0       0       0       0       0       0       0       0       0       0       0       0       0       0
Total ram usage:        0 bytes
 Hardware stack levels used:    1
 Hardware stack levels required when called:    2
 This function calls:
		Nothing
 This function is called by:
		_SYSTEM_Initialize
 This function uses a non-reentrant model


 *************** function _EUSART1_Initialize *****************
 Defined at:
		line 54 in file "mcc_generated_files/eusart1.c"
 Parameters:    Size  Location     Type
		None
 Auto vars:     Size  Location     Type
		None
 Return value:  Size  Location     Type
                  1    wreg      void 
 Registers used:
		wreg
 Tracked objects:
		On entry : 
		On exit  : 
		Unchanged: 
 Data sizes:     COMMON   BANK0   BANK1   BANK2   BANK3   BANK4   BANK5   BANK6   BANK7   BANK8   BANK9  BANK10  BANK11  BANK12  BANK13  BANK14  BANK15  BANK16  BANK17  BANK18  BANK19  BANK20  BANK21  BANK22  BANK23  BANK24  BANK25
      Params:         0       0       0       0       0       0       0       0       0       0       0       0       0       0       0       0       0       0       0       0       0       0       0       0       0       0       0
      Locals:         0       0       0       0       0       0       0       0       0       0       0       0       0       0       0       0       0       0       0       0       0       0       0       0       0       0       0
      Temps:          0       0       0       0       0       0       0       0       0       0       0       0       0       0       0       0       0       0       0       0       0       0       0       0       0       0       0
      Totals:         0       0       0       0       0       0       0       0       0       0       0       0       0       0       0       0       0       0       0       0       0       0       0       0       0       0       0
Total ram usage:        0 bytes
 Hardware stack levels used:    1
 Hardware stack levels required when called:    2
 This function calls:
		Nothing
 This function is called by:
		_SYSTEM_Initialize
 This function uses a non-reentrant model


 *************** function _PWM5_LoadDutyValue *****************
 Defined at:
		line 72 in file "mcc_generated_files/pwm5.c"
 Parameters:    Size  Location     Type
  dutyValue       2    2[COMMON] unsigned short 
 Auto vars:     Size  Location     Type
		None
 Return value:  Size  Location     Type
                  1    wreg      void 
 Registers used:
		wreg, status,2, status,0
 Tracked objects:
		On entry : 
		On exit  : 
		Unchanged: 
 Data sizes:     COMMON   BANK0   BANK1   BANK2   BANK3   BANK4   BANK5   BANK6   BANK7   BANK8   BANK9  BANK10  BANK11  BANK12  BANK13  BANK14  BANK15  BANK16  BANK17  BANK18  BANK19  BANK20  BANK21  BANK22  BANK23  BANK24  BANK25
      Params:         2       0       0       0       0       0       0       0       0       0       0       0       0       0       0       0       0       0       0       0       0       0       0       0       0       0       0
      Locals:         0       0       0       0       0       0       0       0       0       0       0       0       0       0       0       0       0       0       0       0       0       0       0       0       0       0       0
      Temps:          2       0       0       0       0       0       0       0       0       0       0       0       0       0       0       0       0       0       0       0       0       0       0       0       0       0       0
      Totals:         4       0       0       0       0       0       0       0       0       0       0       0       0       0       0       0       0       0       0       0       0       0       0       0       0       0       0
Total ram usage:        4 bytes
 Hardware stack levels used:    1
 Hardware stack levels required when called:    2
 This function calls:
		Nothing
 This function is called by:
		_main
 This function uses a non-reentrant model


 *************** function _PWM4_LoadDutyValue *****************
 Defined at:
		line 72 in file "mcc_generated_files/pwm4.c"
 Parameters:    Size  Location     Type
  dutyValue       2    2[COMMON] unsigned short 
 Auto vars:     Size  Location     Type
		None
 Return value:  Size  Location     Type
                  1    wreg      void 
 Registers used:
		wreg, status,2, status,0
 Tracked objects:
		On entry : 
		On exit  : 
		Unchanged: 
 Data sizes:     COMMON   BANK0   BANK1   BANK2   BANK3   BANK4   BANK5   BANK6   BANK7   BANK8   BANK9  BANK10  BANK11  BANK12  BANK13  BANK14  BANK15  BANK16  BANK17  BANK18  BANK19  BANK20  BANK21  BANK22  BANK23  BANK24  BANK25
      Params:         2       0       0       0       0       0       0       0       0       0       0       0       0       0       0       0       0       0       0       0       0       0       0       0       0       0       0
      Locals:         0       0       0       0       0       0       0       0       0       0       0       0       0       0       0       0       0       0       0       0       0       0       0       0       0       0       0
      Temps:          2       0       0       0       0       0       0       0       0       0       0       0       0       0       0       0       0       0       0       0       0       0       0       0       0       0       0
      Totals:         4       0       0       0       0       0       0       0       0       0       0       0       0       0       0       0       0       0       0       0       0       0       0       0       0       0       0
Total ram usage:        4 bytes
 Hardware stack levels used:    1
 Hardware stack levels required when called:    2
 This function calls:
		Nothing
 This function is called by:
		_main
 This function uses a non-reentrant model


 *************** function _PWM3_LoadDutyValue *****************
 Defined at:
		line 72 in file "mcc_generated_files/pwm3.c"
 Parameters:    Size  Location     Type
  dutyValue       2    2[COMMON] unsigned short 
 Auto vars:     Size  Location     Type
		None
 Return value:  Size  Location     Type
                  1    wreg      void 
 Registers used:
		wreg, status,2, status,0
 Tracked objects:
		On entry : 
		On exit  : 
		Unchanged: 
 Data sizes:     COMMON   BANK0   BANK1   BANK2   BANK3   BANK4   BANK5   BANK6   BANK7   BANK8   BANK9  BANK10  BANK11  BANK12  BANK13  BANK14  BANK15  BANK16  BANK17  BANK18  BANK19  BANK20  BANK21  BANK22  BANK23  BANK24  BANK25
      Params:         2       0       0       0       0       0       0       0       0       0       0       0       0       0       0       0       0       0       0       0       0       0       0       0       0       0       0
      Locals:         0       0       0       0       0       0       0       0       0       0       0       0       0       0       0       0       0       0       0       0       0       0       0       0       0       0       0
      Temps:          2       0       0       0       0       0       0       0       0       0       0       0       0       0       0       0       0       0       0       0       0       0       0       0       0       0       0
      Totals:         4       0       0       0       0       0       0       0       0       0       0       0       0       0       0       0       0       0       0       0       0       0       0       0       0       0       0
Total ram usage:        4 bytes
 Hardware stack levels used:    1
 Hardware stack levels required when called:    2
 This function calls:
		Nothing
 This function is called by:
		_main
 This function uses a non-reentrant model


 *************** function _Interrupt_Switch *****************
 Defined at:
		line 11 in file "interrupt.c"
 Parameters:    Size  Location     Type
  state           1    wreg     unsigned char 
 Auto vars:     Size  Location     Type
  state           1    4[COMMON] unsigned char 
 Return value:  Size  Location     Type
                  1    wreg      void 
 Registers used:
		wreg, fsr0l, fsr0h, status,2, status,0
 Tracked objects:
		On entry : 
		On exit  : 
		Unchanged: 
 Data sizes:     COMMON   BANK0   BANK1   BANK2   BANK3   BANK4   BANK5   BANK6   BANK7   BANK8   BANK9  BANK10  BANK11  BANK12  BANK13  BANK14  BANK15  BANK16  BANK17  BANK18  BANK19  BANK20  BANK21  BANK22  BANK23  BANK24  BANK25
      Params:         0       0       0       0       0       0       0       0       0       0       0       0       0       0       0       0       0       0       0       0       0       0       0       0       0       0       0
      Locals:         1       0       0       0       0       0       0       0       0       0       0       0       0       0       0       0       0       0       0       0       0       0       0       0       0       0       0
      Temps:          2       0       0       0       0       0       0       0       0       0       0       0       0       0       0       0       0       0       0       0       0       0       0       0       0       0       0
      Totals:         3       0       0       0       0       0       0       0       0       0       0       0       0       0       0       0       0       0       0       0       0       0       0       0       0       0       0
Total ram usage:        3 bytes
 Hardware stack levels used:    1
 Hardware stack levels required when called:    2
 This function calls:
		Nothing
 This function is called by:
		_main
 This function uses a non-reentrant model


 *************** function _Interrupt_Handler *****************
 Defined at:
		line 112 in file "interrupt.c"
 Parameters:    Size  Location     Type
		None
 Auto vars:     Size  Location     Type
		None
 Return value:  Size  Location     Type
                  1    wreg      void 
 Registers used:
		wreg, fsr0l, fsr0h, fsr1l, fsr1h, status,2, status,0, pclath, cstack
 Tracked objects:
		On entry : 
		On exit  : 
		Unchanged: 
 Data sizes:     COMMON   BANK0   BANK1   BANK2   BANK3   BANK4   BANK5   BANK6   BANK7   BANK8   BANK9  BANK10  BANK11  BANK12  BANK13  BANK14  BANK15  BANK16  BANK17  BANK18  BANK19  BANK20  BANK21  BANK22  BANK23  BANK24  BANK25
      Params:         0       0       0       0       0       0       0       0       0       0       0       0       0       0       0       0       0       0       0       0       0       0       0       0       0       0       0
      Locals:         0       0       0       0       0       0       0       0       0       0       0       0       0       0       0       0       0       0       0       0       0       0       0       0       0       0       0
      Temps:          0       0       0       0       0       0       0       0       0       0       0       0       0       0       0       0       0       0       0       0       0       0       0       0       0       0       0
      Totals:         0       0       0       0       0       0       0       0       0       0       0       0       0       0       0       0       0       0       0       0       0       0       0       0       0       0       0
Total ram usage:        0 bytes
 Hardware stack levels used:    1
 Hardware stack levels required when called:    1
 This function calls:
		_UART_Rx_IntHandler
 This function is called by:
		Interrupt level 1
 This function uses a non-reentrant model


 *************** function _UART_Rx_IntHandler *****************
 Defined at:
		line 37 in file "interrupt.c"
 Parameters:    Size  Location     Type
		None
 Auto vars:     Size  Location     Type
		None
 Return value:  Size  Location     Type
                  1    wreg      void 
 Registers used:
		wreg, fsr0l, fsr0h, fsr1l, fsr1h, status,2, status,0
 Tracked objects:
		On entry : 
		On exit  : 
		Unchanged: 
 Data sizes:     COMMON   BANK0   BANK1   BANK2   BANK3   BANK4   BANK5   BANK6   BANK7   BANK8   BANK9  BANK10  BANK11  BANK12  BANK13  BANK14  BANK15  BANK16  BANK17  BANK18  BANK19  BANK20  BANK21  BANK22  BANK23  BANK24  BANK25
      Params:         0       0       0       0       0       0       0       0       0       0       0       0       0       0       0       0       0       0       0       0       0       0       0       0       0       0       0
      Locals:         0       0       0       0       0       0       0       0       0       0       0       0       0       0       0       0       0       0       0       0       0       0       0       0       0       0       0
      Temps:          2       0       0       0       0       0       0       0       0       0       0       0       0       0       0       0       0       0       0       0       0       0       0       0       0       0       0
      Totals:         2       0       0       0       0       0       0       0       0       0       0       0       0       0       0       0       0       0       0       0       0       0       0       0       0       0       0
Total ram usage:        2 bytes
 Hardware stack levels used:    1
 This function calls:
		Nothing
 This function is called by:
		_Interrupt_Handler
 This function uses a non-reentrant model



MODULE INFORMATION

Module		Function		Class		Link	Load	Size
mcc_generated_files/pwm4.c
		_PWM4_Initialize		CODE           	0319	0000	7
		_PWM4_LoadDutyValue		CODE           	02AE	0000	23

mcc_generated_files/pwm4.c estimated size: 30

mcc_generated_files/tmr2.c
		_TMR2_Initialize		CODE           	02E9	0000	15

mcc_generated_files/tmr2.c estimated size: 15

D:\Program Files (x86)\Microchip\xc8\v2.10\pic\sources\c99\common\isdigit.c
		_isdigit       		CODE           	0280	0000	25

D:\Program Files (x86)\Microchip\xc8\v2.10\pic\sources\c99\common\isdigit.c estimated size: 25

mcc_generated_files/pin_manager.c
		_PIN_MANAGER_Initialize		CODE           	0195	0000	53

mcc_generated_files/pin_manager.c estimated size: 53

D:\Program Files (x86)\Microchip\xc8\v2.10\pic\sources\c99\common\atoi.c
		_atoi          		CODE           	0020	0000	170

D:\Program Files (x86)\Microchip\xc8\v2.10\pic\sources\c99\common\atoi.c estimated size: 170

D:\Program Files (x86)\Microchip\xc8\v2.10\pic\sources\c99\common\memcpy.c
		_memcpy        		CODE           	01C9	0000	46

D:\Program Files (x86)\Microchip\xc8\v2.10\pic\sources\c99\common\memcpy.c estimated size: 46

interrupt.c
		_Interrupt_Switch		CODE           	024F	0000	26
		_Interrupt_Handler		CODE           	0004	0000	13
		_UART_Rx_IntHandler		CODE           	00C9	0000	138

interrupt.c estimated size: 177

shared
		__initialization		CODE           	0012	0000	11

shared estimated size: 11

mcc_generated_files/eusart1.c
		_EUSART1_Initialize		CODE           	02DA	0000	16

mcc_generated_files/eusart1.c estimated size: 16

mcc_generated_files/pwm5.c
		_PWM5_LoadDutyValue		CODE           	0298	0000	23
		_PWM5_Initialize		CODE           	0313	0000	7

mcc_generated_files/pwm5.c estimated size: 30

mcc_generated_files/mcc.c
		_PMD_Initialize		CODE           	0305	0000	9
		_OSCILLATOR_Initialize		CODE           	02F7	0000	15
		_SYSTEM_Initialize		CODE           	0236	0000	26

mcc_generated_files/mcc.c estimated size: 50

D:\Program Files (x86)\Microchip\xc8\v2.10\pic\sources\c99\common\Umul16.c
		___wmul        		CODE           	0217	0000	32

D:\Program Files (x86)\Microchip\xc8\v2.10\pic\sources\c99\common\Umul16.c estimated size: 32

mcc_generated_files/pwm3.c
		_PWM3_Initialize		CODE           	031F	0000	7
		_PWM3_LoadDutyValue		CODE           	02C4	0000	23

mcc_generated_files/pwm3.c estimated size: 30

D:\Program Files (x86)\Microchip\xc8\v2.10\pic\sources\c99\common\isspace.c
		_isspace       		CODE           	01F6	0000	34

D:\Program Files (x86)\Microchip\xc8\v2.10\pic\sources\c99\common\isspace.c estimated size: 34

main.c
		_main          		CODE           	0152	0000	68
		_string_to_decimal		CODE           	0268	0000	25

main.c estimated size: 93

