Microchip MPLAB XC8 Compiler V2.10 ()

Linker command line:

-W-3 --edf=C:\Program Files (x86)\Microchip\xc8\v2.10\pic\dat\en_msgs.txt \
  -cs -h+dist/default/production\LED_DRIVER.X.production.sym \
  --cmf=dist/default/production\LED_DRIVER.X.production.cmf -z -Q16F15356 \
  -oC:\Users\JOEMDI~1\AppData\Local\Temp\s6sk.2 --defsym=__MPLAB_BUILD=1 \
  -Mdist/default/production/LED_DRIVER.X.production.map -E1 -ver=XC8 \
  --acfsm=1493 -ASTACK=02140h-027EFh -pstack=STACK -ACODE=00h-07FFhx8 \
  -ASTRCODE=00h-03FFFh -ASTRING=00h-0FFhx64 -ACONST=00h-0FFhx64 \
  -AENTRY=00h-0FFhx64 -ACOMMON=070h-07Fh -ABANK0=020h-06Fh \
  -ABANK1=0A0h-0EFh -ABANK2=0120h-016Fh -ABANK3=01A0h-01EFh \
  -ABANK4=0220h-026Fh -ABANK5=02A0h-02EFh -ABANK6=0320h-036Fh \
  -ABANK7=03A0h-03EFh -ABANK8=0420h-046Fh -ABANK9=04A0h-04EFh \
  -ABANK10=0520h-056Fh -ABANK11=05A0h-05EFh -ABANK12=0620h-066Fh \
  -ABANK13=06A0h-06EFh -ABANK14=0720h-076Fh -ABANK15=07A0h-07EFh \
  -ABANK16=0820h-086Fh -ABANK17=08A0h-08EFh -ABANK18=0920h-096Fh \
  -ABANK19=09A0h-09EFh -ABANK20=0A20h-0A6Fh -ABANK21=0AA0h-0AEFh \
  -ABANK22=0B20h-0B6Fh -ABANK23=0BA0h-0BEFh -ABANK24=0C20h-0C6Fh \
  -ABANK25=0CA0h-0CBFh -ABIGRAM=02000h-027EFh \
  -ARAM=020h-06Fh,0A0h-0EFh,0120h-016Fh,01A0h-01EFh,0220h-026Fh,02A0h-02EFh,0320h-036Fh,03A0h-03EFh,0420h-046Fh,04A0h-04EFh,0520h-056Fh,05A0h-05EFh,0620h-066Fh,06A0h-06EFh,0720h-076Fh,07A0h-07EFh,0820h-086Fh,08A0h-08EFh,0920h-096Fh,09A0h-09EFh,0A20h-0A6Fh,0AA0h-0AEFh,0B20h-0B6Fh,0BA0h-0BEFh,0C20h-0C6Fh,0CA0h-0CBFh \
  -AABS1=020h-07Fh,0A0h-0EFh,0120h-016Fh,01A0h-01EFh,0220h-026Fh,02A0h-02EFh,0320h-036Fh,03A0h-03EFh,0420h-046Fh,04A0h-04EFh,0520h-056Fh,05A0h-05EFh,0620h-066Fh,06A0h-06EFh,0720h-076Fh,07A0h-07EFh,0820h-086Fh,08A0h-08EFh,0920h-096Fh,09A0h-09EFh,0A20h-0A6Fh,0AA0h-0AEFh,0B20h-0B6Fh,0BA0h-0BEFh,0C20h-0C6Fh,0CA0h-0CBFh \
  -ASFR0=00h-01Fh -ASFR1=080h-09Fh -ASFR2=0100h-011Fh -ASFR3=0180h-019Fh \
  -ASFR4=0200h-021Fh -ASFR5=0280h-029Fh -ASFR6=0300h-031Fh \
  -ASFR7=0380h-039Fh -ASFR8=0400h-041Fh -ASFR9=0480h-049Fh \
  -ASFR10=0500h-051Fh -ASFR11=0580h-059Fh -ASFR12=0600h-061Fh \
  -ASFR13=0680h-069Fh -ASFR14=0700h-071Fh -ASFR15=0780h-079Fh \
  -ASFR16=0800h-081Fh -ASFR17=0880h-089Fh -ASFR18=0900h-091Fh \
  -ASFR19=0980h-099Fh -ASFR20=0A00h-0A1Fh -ASFR21=0A80h-0A9Fh \
  -ASFR22=0B00h-0B1Fh -ASFR23=0B80h-0B9Fh -ASFR24=0C00h-0C1Fh \
  -ASFR25=0C80h-0C9Fh -ASFR26=0D00h-0D6Fh -ASFR27=0D80h-0DEFh \
  -ASFR28=0E00h-0E6Fh -ASFR29=0E80h-0EEFh -ASFR30=0F00h-0F6Fh \
  -ASFR31=0F80h-0FEFh -ASFR32=01000h-0106Fh -ASFR33=01080h-010EFh \
  -ASFR34=01100h-0116Fh -ASFR35=01180h-011EFh -ASFR36=01200h-0126Fh \
  -ASFR37=01280h-012EFh -ASFR38=01300h-0136Fh -ASFR39=01380h-013EFh \
  -ASFR40=01400h-0146Fh -ASFR41=01480h-014EFh -ASFR42=01500h-0156Fh \
  -ASFR43=01580h-015EFh -ASFR44=01600h-0166Fh -ASFR45=01680h-016EFh \
  -ASFR46=01700h-0176Fh -ASFR47=01780h-017EFh -ASFR48=01800h-0186Fh \
  -ASFR49=01880h-018EFh -ASFR50=01900h-0196Fh -ASFR51=01980h-019EFh \
  -ASFR52=01A00h-01A6Fh -ASFR53=01A80h-01AEFh -ASFR54=01B00h-01B6Fh \
  -ASFR55=01B80h-01BEFh -ASFR56=01C00h-01C6Fh -ASFR57=01C80h-01CEFh \
  -ASFR58=01D00h-01D6Fh -ASFR59=01D80h-01DEFh -ASFR60=01E00h-01E6Fh \
  -ASFR61=01E80h-01EEFh -ASFR62=01F00h-01F6Fh -ASFR63=01F80h-01FEFh \
  -preset_vec=00h,intentry,init,end_init -ppowerup=CODE -pcinit=CODE \
  -pfunctab=ENTRY -ACONFIG=08007h-0800Bh -pconfig=CONFIG -DCONFIG=2 \
  -AIDLOC=08000h-08003h -pidloc=IDLOC -DIDLOC=2 -DCODE=2 -DSTRCODE=2 \
  -DSTRING=2 -DCONST=2 -DENTRY=2 -k \
  C:\Users\JOEMDI~1\AppData\Local\Temp\s6sk.o \
  dist/default/production\LED_DRIVER.X.production.o 

Object code version is 3.11

Machine type is 16F15356



                Name                               Link     Load   Length Selector   Space Scale
C:\Users\JOEMDI~1\AppData\Local\Temp\s6sk.o
                end_init                              2        2        2        0       0
                reset_vec                             0        0        2        0       0
                config                             8007     8007        5    1000E       0
dist/default/production\LED_DRIVER.X.production.o
                cinit                               7EA      7EA       16      FD4       0
                text3_split_8                        92       92      758      124       0
                text3_split_7                      10D0     10D0      256     21A0       0
                text3_split_6                      243A     243A      11D     4874       0
                text3_split_5                      220A     220A      114     4414       0
                text3_split_4                      1E0C     1E0C      1F4     3C18       0
                text3_split_3                      1C26     1C26      1E6     384C       0
                text18_split_2                      97C      97C      684     12F8       0
                text3_split_1                      1A59     1A59      1CD     34B2       0
                text65                             36C8     36C8       16     6D90       0
                text64                             36DE     36DE       16     6DBC       0
                text63                             36F4     36F4       16     6DE8       0
                text62                             3634     3634        6     6C68       0
                text61                             363A     363A        6     6C74       0
                text60                             3640     3640        6     6C80       0
                text59                             285D     285D       23     50BA       0
                text58                             3677     3677        E     6CEE       0
                text57                             2976     2976       33     52EC       0
                text56                             1001     1001        8     2002       0
                text55                             3646     3646        6     6C8C       0
                text54                             364C     364C        6     6C98       0
                text53                             3652     3652        6     6CA4       0
                text52                             3685     3685        E     6D0A       0
                text51                             3768     3768       19     6ED0       0
                text50                             3781     3781       1E     6F02       0
                text49                             3720     3720       18     6E40       0
                text48                             3658     3658        A     6CB0       0
                text47                             2000     2000        6     3C18       0
                text46                             2006     2006       3F     400C       0
                text45                             28ED     28ED       29     51DA       0
                text44                             2800     2800       1A     4D00       0
                text43                             2B43     2B43       59     5686       0
                text42                             3738     3738       18     6E70       0
                text41                             28A3     28A3       25     5146       0
                text40                              805      805      177     100A       0
                text39                             2123     2123       E7     4246       0
                text38                             2945     2945       31     528A       0
                text37                             370A     370A       16     6E14       0
                text36                             3693     3693        F     6D26       0
                text35                             3662     3662        A     6CC4       0
                text34                             29DC     29DC       3D     53B8       0
                text33                             37BE     37BE       21     6F7C       0
                text32                             37DF     37DF       21     6FBE       0
                text31                             2A19     2A19       47     5432       0
                text30                             18A5     18A5      1B4     314A       0
                text29                             2AF5     2AF5       4E     55EA       0
                text28                                8        8       8A       10       0
                text27                             2880     2880       23     5100       0
                text26                             1326     1326      257     264C       0
                text25                             366C     366C        B     6CD8       0
                text24                             29A9     29A9       33     5352       0
                text23                             379F     379F       1F     6F3E       0
                text22                             2D03     2D03       AC     5A06       0
                text21                             3750     3750       18     6EA0       0
                text20                             2916     2916       2F     522C       0
                text19                             36A2     36A2       11     6D44       0
                text18                             2680     2680      180     4D00       0
                text17                             2557     2557      129     4AAE       0
                text16                             2C72     2C72       91     58E4       0
                text15                             2AA9     2AA9       4C     5552       0
                text14                             157D     157D      283     2AFA       0
                text13                             283B     283B       22     5076       0
                text12                             2F22     2F22       DE     5E44       0
                text11                             2DAF     2DAF       AF     5B5E       0
                text10                             281A     281A       21     5034       0
                text9                              1009     1009       C7     2012       0
                text8                              1808     1808       9D     3010       0
                text7                              2045     2045       DE     408A       0
                text6                              2E5E     2E5E       C4     5CBC       0
                text5                              2B9C     2B9C       5C     5738       0
                text4                              28C8     28C8       25     5190       0
                text3                              231E     231E      11C     463C       0
                text2                              2A60     2A60       49     54C0       0
                text1                              36B3     36B3       15     6D66       0
                maintext                           2BF8     2BF8       7A     57F0       0
                cstackBANK0                          20       20       50       20       1
                cstackCOMMON                         70       70        E       70       1
                cstackBANK1                          A0       A0       4E       A0       1
                cstackBANK2                         163      163        8      120       1
                clrtext                            1802     1802        6     3004       0
                bssBANK3                            1A0      1A0       50      1A0       1
                bssBANK2                            120      120       43      120       1
                bssBANK1                             EE       EE        2       A0       1
                stringtext47                       38C3     38C3        3     7000       0
                stringtext46                       38C0     38C0        3     7000       0
                stringtext45                       38BD     38BD        3     7000       0
                stringtext44                       38BA     38BA        3     7000       0
                stringtext43                       38B7     38B7        3     7000       0
                stringtext42                       38B4     38B4        3     7000       0
                stringtext41                       38B1     38B1        3     7000       0
                stringtext40                       38AE     38AE        3     7000       0
                stringtext39                       38AB     38AB        3     7000       0
                stringtext38                       38A8     38A8        3     7000       0
                stringtext37                       38A5     38A5        3     7000       0
                stringtext36                       38A2     38A2        3     7000       0
                stringtext35                       389F     389F        3     7000       0
                stringtext34                       389C     389C        3     7000       0
                stringtext33                       3899     3899        3     7000       0
                stringtext32                       3896     3896        3     7000       0
                stringtext31                       3893     3893        3     7000       0
                stringtext30                       3890     3890        3     7000       0
                stringtext29                       388D     388D        3     7000       0
                stringtext28                       388A     388A        3     7000       0
                stringtext27                       3887     3887        3     7000       0
                stringtext26                       3884     3884        3     7000       0
                stringtext25                       3881     3881        3     7000       0
                stringtext24                       387E     387E        3     7000       0
                stringtext23                       387B     387B        3     7000       0
                stringtext22                       3878     3878        3     7000       0
                stringtext21                       3874     3874        4     7000       0
                stringtext20                       3870     3870        4     7000       0
                stringtext19                       386C     386C        4     7000       0
                stringtext18                       3868     3868        4     7000       0
                stringtext17                       3864     3864        4     7000       0
                stringtext16                       3860     3860        4     7000       0
                stringtext15                       385C     385C        4     7000       0
                stringtext14                       3858     3858        4     7000       0
                stringtext13                       3854     3854        4     7000       0
                stringtext12                       3850     3850        4     7000       0
                stringtext11                       384C     384C        4     7000       0
                stringtext10                       3848     3848        4     7000       0
                stringtext9                        3844     3844        4     7000       0
                stringtext8                        3840     3840        4     7000       0
                stringtext7                        383C     383C        4     7000       0
                stringtext6                        3838     3838        4     7000       0
                stringtext5                        3834     3834        4     7000       0
                stringtext4                        382F     382F        5     7000       0
                stringtext3                        3826     3826        9     7000       0
                stringtext2                        381D     381D        9     7000       0
                stringtext1                        3800     3800       1D     7000       0

TOTAL           Name                               Link     Load   Length     Space
        CLASS   STACK          

        CLASS   CODE           
                end_init                              2        2        2         0
                cinit                               7EA      7EA       16         0
                reset_vec                             0        0        2         0
                text3_split_8                        92       92      758         0
                text3_split_7                      10D0     10D0      256         0
                text3_split_6                      243A     243A      11D         0
                text3_split_5                      220A     220A      114         0
                text3_split_4                      1E0C     1E0C      1F4         0
                text3_split_3                      1C26     1C26      1E6         0
                text18_split_2                      97C      97C      684         0
                text3_split_1                      1A59     1A59      1CD         0
                text65                             36C8     36C8       16         0
                text64                             36DE     36DE       16         0
                text63                             36F4     36F4       16         0
                text62                             3634     3634        6         0
                text61                             363A     363A        6         0
                text60                             3640     3640        6         0
                text59                             285D     285D       23         0
                text58                             3677     3677        E         0
                text57                             2976     2976       33         0
                text56                             1001     1001        8         0
                text55                             3646     3646        6         0
                text54                             364C     364C        6         0
                text53                             3652     3652        6         0
                text52                             3685     3685        E         0
                text51                             3768     3768       19         0
                text50                             3781     3781       1E         0
                text49                             3720     3720       18         0
                text48                             3658     3658        A         0
                text47                             2000     2000        6         0
                text46                             2006     2006       3F         0
                text45                             28ED     28ED       29         0
                text44                             2800     2800       1A         0
                text43                             2B43     2B43       59         0
                text42                             3738     3738       18         0
                text41                             28A3     28A3       25         0
                text40                              805      805      177         0
                text39                             2123     2123       E7         0
                text38                             2945     2945       31         0
                text37                             370A     370A       16         0
                text36                             3693     3693        F         0
                text35                             3662     3662        A         0
                text34                             29DC     29DC       3D         0
                text33                             37BE     37BE       21         0
                text32                             37DF     37DF       21         0
                text31                             2A19     2A19       47         0
                text30                             18A5     18A5      1B4         0
                text29                             2AF5     2AF5       4E         0
                text28                                8        8       8A         0
                text27                             2880     2880       23         0
                text26                             1326     1326      257         0
                text25                             366C     366C        B         0
                text24                             29A9     29A9       33         0
                text23                             379F     379F       1F         0
                text22                             2D03     2D03       AC         0
                text21                             3750     3750       18         0
                text20                             2916     2916       2F         0
                text19                             36A2     36A2       11         0
                text18                             2680     2680      180         0
                text17                             2557     2557      129         0
                text16                             2C72     2C72       91         0
                text15                             2AA9     2AA9       4C         0
                text14                             157D     157D      283         0
                text13                             283B     283B       22         0
                text12                             2F22     2F22       DE         0
                text11                             2DAF     2DAF       AF         0
                text10                             281A     281A       21         0
                text9                              1009     1009       C7         0
                text8                              1808     1808       9D         0
                text7                              2045     2045       DE         0
                text6                              2E5E     2E5E       C4         0
                text5                              2B9C     2B9C       5C         0
                text4                              28C8     28C8       25         0
                text3                              231E     231E      11C         0
                text2                              2A60     2A60       49         0
                text1                              36B3     36B3       15         0
                maintext                           2BF8     2BF8       7A         0
                clrtext                            1802     1802        6         0

        CLASS   STRCODE        
                stringtext47                       38C3     38C3        3         0
                stringtext46                       38C0     38C0        3         0
                stringtext45                       38BD     38BD        3         0
                stringtext44                       38BA     38BA        3         0
                stringtext43                       38B7     38B7        3         0
                stringtext42                       38B4     38B4        3         0
                stringtext41                       38B1     38B1        3         0
                stringtext40                       38AE     38AE        3         0
                stringtext39                       38AB     38AB        3         0
                stringtext38                       38A8     38A8        3         0
                stringtext37                       38A5     38A5        3         0
                stringtext36                       38A2     38A2        3         0
                stringtext35                       389F     389F        3         0
                stringtext34                       389C     389C        3         0
                stringtext33                       3899     3899        3         0
                stringtext32                       3896     3896        3         0
                stringtext31                       3893     3893        3         0
                stringtext30                       3890     3890        3         0
                stringtext29                       388D     388D        3         0
                stringtext28                       388A     388A        3         0
                stringtext27                       3887     3887        3         0
                stringtext26                       3884     3884        3         0
                stringtext25                       3881     3881        3         0
                stringtext24                       387E     387E        3         0
                stringtext23                       387B     387B        3         0
                stringtext22                       3878     3878        3         0
                stringtext21                       3874     3874        4         0
                stringtext20                       3870     3870        4         0
                stringtext19                       386C     386C        4         0
                stringtext18                       3868     3868        4         0
                stringtext17                       3864     3864        4         0
                stringtext16                       3860     3860        4         0
                stringtext15                       385C     385C        4         0
                stringtext14                       3858     3858        4         0
                stringtext13                       3854     3854        4         0
                stringtext12                       3850     3850        4         0
                stringtext11                       384C     384C        4         0
                stringtext10                       3848     3848        4         0
                stringtext9                        3844     3844        4         0
                stringtext8                        3840     3840        4         0
                stringtext7                        383C     383C        4         0
                stringtext6                        3838     3838        4         0
                stringtext5                        3834     3834        4         0
                stringtext4                        382F     382F        5         0
                stringtext3                        3826     3826        9         0
                stringtext2                        381D     381D        9         0
                stringtext1                        3800     3800       1D         0

        CLASS   STRING         

        CLASS   CONST          

        CLASS   ENTRY          

        CLASS   COMMON         
                cstackCOMMON                         70       70        E         1

        CLASS   BANK0          
                cstackBANK0                          20       20       50         1

        CLASS   BANK1          
                cstackBANK1                          A0       A0       4E         1
                bssBANK1                             EE       EE        2         1

        CLASS   BANK2          
                cstackBANK2                         163      163        8         1
                bssBANK2                            120      120       43         1

        CLASS   BANK3          
                bssBANK3                            1A0      1A0       50         1

        CLASS   BANK4          

        CLASS   BANK5          

        CLASS   BANK6          

        CLASS   BANK7          

        CLASS   BANK8          

        CLASS   BANK9          

        CLASS   BANK10         

        CLASS   BANK11         

        CLASS   BANK12         

        CLASS   BANK13         

        CLASS   BANK14         

        CLASS   BANK15         

        CLASS   BANK16         

        CLASS   BANK17         

        CLASS   BANK18         

        CLASS   BANK19         

        CLASS   BANK20         

        CLASS   BANK21         

        CLASS   BANK22         

        CLASS   BANK23         

        CLASS   BANK24         

        CLASS   BANK25         

        CLASS   BIGRAM         

        CLASS   RAM            

        CLASS   ABS1           
                abs_s1                               7E       7E        2         1

        CLASS   SFR0           

        CLASS   SFR1           

        CLASS   SFR2           

        CLASS   SFR3           

        CLASS   SFR4           

        CLASS   SFR5           

        CLASS   SFR6           

        CLASS   SFR7           

        CLASS   SFR8           

        CLASS   SFR9           

        CLASS   SFR10          

        CLASS   SFR11          

        CLASS   SFR12          

        CLASS   SFR13          

        CLASS   SFR14          

        CLASS   SFR15          

        CLASS   SFR16          

        CLASS   SFR17          

        CLASS   SFR18          

        CLASS   SFR19          

        CLASS   SFR20          

        CLASS   SFR21          

        CLASS   SFR22          

        CLASS   SFR23          

        CLASS   SFR24          

        CLASS   SFR25          

        CLASS   SFR26          

        CLASS   SFR27          

        CLASS   SFR28          

        CLASS   SFR29          

        CLASS   SFR30          

        CLASS   SFR31          

        CLASS   SFR32          

        CLASS   SFR33          

        CLASS   SFR34          

        CLASS   SFR35          

        CLASS   SFR36          

        CLASS   SFR37          

        CLASS   SFR38          

        CLASS   SFR39          

        CLASS   SFR40          

        CLASS   SFR41          

        CLASS   SFR42          

        CLASS   SFR43          

        CLASS   SFR44          

        CLASS   SFR45          

        CLASS   SFR46          

        CLASS   SFR47          

        CLASS   SFR48          

        CLASS   SFR49          

        CLASS   SFR50          

        CLASS   SFR51          

        CLASS   SFR52          

        CLASS   SFR53          

        CLASS   SFR54          

        CLASS   SFR55          

        CLASS   SFR56          

        CLASS   SFR57          

        CLASS   SFR58          

        CLASS   SFR59          

        CLASS   SFR60          

        CLASS   SFR61          

        CLASS   SFR62          

        CLASS   SFR63          

        CLASS   CONFIG         
                config                             8007     8007        5         0

        CLASS   IDLOC          

        CLASS   BANK63         

        CLASS   BANK62         

        CLASS   BANK61         

        CLASS   BANK60         

        CLASS   BANK59         

        CLASS   BANK58         

        CLASS   BANK57         

        CLASS   BANK56         

        CLASS   BANK55         

        CLASS   BANK54         

        CLASS   BANK53         

        CLASS   BANK52         

        CLASS   BANK51         

        CLASS   BANK50         

        CLASS   BANK49         

        CLASS   BANK48         

        CLASS   BANK47         

        CLASS   BANK46         

        CLASS   BANK45         

        CLASS   BANK44         

        CLASS   BANK43         

        CLASS   BANK42         

        CLASS   BANK41         

        CLASS   BANK40         

        CLASS   BANK39         

        CLASS   BANK38         

        CLASS   BANK37         

        CLASS   BANK36         

        CLASS   BANK35         

        CLASS   BANK34         

        CLASS   BANK33         

        CLASS   BANK32         

        CLASS   BANK31         

        CLASS   BANK30         

        CLASS   BANK29         

        CLASS   BANK28         

        CLASS   BANK27         

        CLASS   BANK26         

        CLASS   EEDATA         



SEGMENTS        Name                           Load    Length   Top    Selector   Space  Class     Delta

                reset_vec                      000000  000004  000004         0       0  CODE        2
                text28                         000008  00008A  000092        10       0  CODE        2
                cstackBANK0                    000020  000050  000070        20       1  BANK0       1
                cstackCOMMON                   000070  00000E  00007E        70       1  COMMON      1
                cstackBANK1                    0000A0  000050  0000F0        A0       1  BANK1       1
                bssBANK2                       000120  00004B  00016B       120       1  BANK2       1
                text3_split_8                  000092  000758  0007EA       124       0  CODE        2
                bssBANK3                       0001A0  000050  0001F0       1A0       1  BANK3       1
                cinit                          0007EA  000016  000800       FD4       0  CODE        2
                text40                         000805  000177  00097C      100A       0  CODE        2
                text18_split_2                 00097C  000684  001000      12F8       0  CODE        2
                text56                         001001  000008  001009      2002       0  CODE        2
                text9                          001009  0000C7  0010D0      2012       0  CODE        2
                text3_split_7                  0010D0  000256  001326      21A0       0  CODE        2
                text26                         001326  000257  00157D      264C       0  CODE        2
                text14                         00157D  000283  001800      2AFA       0  CODE        2
                clrtext                        001802  000006  001808      3004       0  CODE        2
                text8                          001808  00009D  0018A5      3010       0  CODE        2
                text30                         0018A5  0001B4  001A59      314A       0  CODE        2
                text3_split_1                  001A59  0001CD  001C26      34B2       0  CODE        2
                text3_split_3                  001C26  0001E6  001E0C      384C       0  CODE        2
                text3_split_4                  001E0C  0001FA  002006      3C18       0  CODE        2
                text46                         002006  00003F  002045      400C       0  CODE        2
                text7                          002045  0000DE  002123      408A       0  CODE        2
                text39                         002123  0000E7  00220A      4246       0  CODE        2
                text3_split_5                  00220A  000114  00231E      4414       0  CODE        2
                text3                          00231E  00011C  00243A      463C       0  CODE        2
                text3_split_6                  00243A  00011D  002557      4874       0  CODE        2
                text17                         002557  000129  002680      4AAE       0  CODE        2
                text18                         002680  00019A  00281A      4D00       0  CODE        2
                text10                         00281A  000021  00283B      5034       0  CODE        2
                text13                         00283B  000022  00285D      5076       0  CODE        2
                text59                         00285D  000023  002880      50BA       0  CODE        2
                text27                         002880  000023  0028A3      5100       0  CODE        2
                text41                         0028A3  000025  0028C8      5146       0  CODE        2
                text4                          0028C8  000025  0028ED      5190       0  CODE        2
                text45                         0028ED  000029  002916      51DA       0  CODE        2
                text20                         002916  00002F  002945      522C       0  CODE        2
                text38                         002945  000031  002976      528A       0  CODE        2
                text57                         002976  000033  0029A9      52EC       0  CODE        2
                text24                         0029A9  000033  0029DC      5352       0  CODE        2
                text34                         0029DC  00003D  002A19      53B8       0  CODE        2
                text31                         002A19  000047  002A60      5432       0  CODE        2
                text2                          002A60  000049  002AA9      54C0       0  CODE        2
                text15                         002AA9  00004C  002AF5      5552       0  CODE        2
                text29                         002AF5  00004E  002B43      55EA       0  CODE        2
                text43                         002B43  000059  002B9C      5686       0  CODE        2
                text5                          002B9C  00005C  002BF8      5738       0  CODE        2
                maintext                       002BF8  00007A  002C72      57F0       0  CODE        2
                text16                         002C72  000091  002D03      58E4       0  CODE        2
                text22                         002D03  0000AC  002DAF      5A06       0  CODE        2
                text11                         002DAF  0000AF  002E5E      5B5E       0  CODE        2
                text6                          002E5E  0000C4  002F22      5CBC       0  CODE        2
                text12                         002F22  0000DE  003000      5E44       0  CODE        2
                text62                         003634  000006  00363A      6C68       0  CODE        2
                text61                         00363A  000006  003640      6C74       0  CODE        2
                text60                         003640  000006  003646      6C80       0  CODE        2
                text55                         003646  000006  00364C      6C8C       0  CODE        2
                text54                         00364C  000006  003652      6C98       0  CODE        2
                text53                         003652  000006  003658      6CA4       0  CODE        2
                text48                         003658  00000A  003662      6CB0       0  CODE        2
                text35                         003662  00000A  00366C      6CC4       0  CODE        2
                text25                         00366C  00000B  003677      6CD8       0  CODE        2
                text58                         003677  00000E  003685      6CEE       0  CODE        2
                text52                         003685  00000E  003693      6D0A       0  CODE        2
                text36                         003693  00000F  0036A2      6D26       0  CODE        2
                text19                         0036A2  000011  0036B3      6D44       0  CODE        2
                text1                          0036B3  000015  0036C8      6D66       0  CODE        2
                text65                         0036C8  000016  0036DE      6D90       0  CODE        2
                text64                         0036DE  000016  0036F4      6DBC       0  CODE        2
                text63                         0036F4  000016  00370A      6DE8       0  CODE        2
                text37                         00370A  000016  003720      6E14       0  CODE        2
                text49                         003720  000018  003738      6E40       0  CODE        2
                text42                         003738  000018  003750      6E70       0  CODE        2
                text21                         003750  000018  003768      6EA0       0  CODE        2
                text51                         003768  000019  003781      6ED0       0  CODE        2
                text50                         003781  00001E  00379F      6F02       0  CODE        2
                text23                         00379F  00001F  0037BE      6F3E       0  CODE        2
                text33                         0037BE  000021  0037DF      6F7C       0  CODE        2
                text32                         0037DF  000021  003800      6FBE       0  CODE        2
                stringtext1                    003800  0000C6  0038C6      7000       0  STRCODE     2
                config                         008007  000005  00800C     1000E       0  CONFIG      2


UNUSED ADDRESS RANGES

        Name                Unused          Largest block    Delta
        BANK10           000520-00056F               50           1
        BANK11           0005A0-0005EF               50           1
        BANK12           000620-00066F               50           1
        BANK13           0006A0-0006EF               50           1
        BANK14           000720-00076F               50           1
        BANK15           0007A0-0007EF               50           1
        BANK16           000820-00086F               50           1
        BANK17           0008A0-0008EF               50           1
        BANK18           000920-00096F               50           1
        BANK19           0009A0-0009EF               50           1
        BANK2            00016B-00016F                5           1
        BANK20           000A20-000A6F               50           1
        BANK21           000AA0-000AEF               50           1
        BANK22           000B20-000B6F               50           1
        BANK23           000BA0-000BEF               50           1
        BANK24           000C20-000C6F               50           1
        BANK25           000CA0-000CBF               20           1
        BANK4            000220-00026F               50           1
        BANK5            0002A0-0002EF               50           1
        BANK6            000320-00036F               50           1
        BANK7            0003A0-0003EF               50           1
        BANK8            000420-00046F               50           1
        BANK9            0004A0-0004EF               50           1
        BIGRAM           002000-0027EF              7F0           1
        CODE             000004-000007                4           2
                         000800-000804                5
                         001000-001000                1
                         001800-001801                2
                         003000-003633              634
                         0038C6-003FFF              73A
        CONST            000004-000007                4           2
                         000800-000804                5
                         001000-001000                1
                         001800-001801                2
                         003000-003633              100
                         0038C6-003FFF              100
        ENTRY            000004-000007                4           2
                         000800-000804                5
                         001000-001000                1
                         001800-001801                2
                         003000-003633              100
                         0038C6-003FFF              100
        IDLOC            008000-008003                4           2
        RAM              00016B-00016F                5           1
                         000220-00026F               50
                         0002A0-0002EF               50
                         000320-00036F               50
                         0003A0-0003EF               50
                         000420-00046F               50
                         0004A0-0004EF               50
                         000520-00056F               50
                         0005A0-0005EF               50
                         000620-00066F               50
                         0006A0-0006EF               50
                         000720-00076F               50
                         0007A0-0007EF               50
                         000820-00086F               50
                         0008A0-0008EF               50
                         000920-00096F               50
                         0009A0-0009EF               50
                         000A20-000A6F               50
                         000AA0-000AEF               50
                         000B20-000B6F               50
                         000BA0-000BEF               50
                         000C20-000C6F               50
                         000CA0-000CBF               20
        SFR0             000000-00001F               20           1
        SFR1             000080-00009F               20           1
        SFR10            000500-00051F               20           1
        SFR11            000580-00059F               20           1
        SFR12            000600-00061F               20           1
        SFR13            000680-00069F               20           1
        SFR14            000700-00071F               20           1
        SFR15            000780-00079F               20           1
        SFR16            000800-00081F               20           1
        SFR17            000880-00089F               20           1
        SFR18            000900-00091F               20           1
        SFR19            000980-00099F               20           1
        SFR2             000100-00011F               20           1
        SFR20            000A00-000A1F               20           1
        SFR21            000A80-000A9F               20           1
        SFR22            000B00-000B1F               20           1
        SFR23            000B80-000B9F               20           1
        SFR24            000C00-000C1F               20           1
        SFR25            000C80-000C9F               20           1
        SFR26            000D00-000D6F               70           1
        SFR27            000D80-000DEF               70           1
        SFR28            000E00-000E6F               70           1
        SFR29            000E80-000EEF               70           1
        SFR3             000180-00019F               20           1
        SFR30            000F00-000F6F               70           1
        SFR31            000F80-000FEF               70           1
        SFR32            001000-00106F               70           1
        SFR33            001080-0010EF               70           1
        SFR34            001100-00116F               70           1
        SFR35            001180-0011EF               70           1
        SFR36            001200-00126F               70           1
        SFR37            001280-0012EF               70           1
        SFR38            001300-00136F               70           1
        SFR39            001380-0013EF               70           1
        SFR4             000200-00021F               20           1
        SFR40            001400-00146F               70           1
        SFR41            001480-0014EF               70           1
        SFR42            001500-00156F               70           1
        SFR43            001580-0015EF               70           1
        SFR44            001600-00166F               70           1
        SFR45            001680-0016EF               70           1
        SFR46            001700-00176F               70           1
        SFR47            001780-0017EF               70           1
        SFR48            001800-00186F               70           1
        SFR49            001880-0018EF               70           1
        SFR5             000280-00029F               20           1
        SFR50            001900-00196F               70           1
        SFR51            001980-0019EF               70           1
        SFR52            001A00-001A6F               70           1
        SFR53            001A80-001AEF               70           1
        SFR54            001B00-001B6F               70           1
        SFR55            001B80-001BEF               70           1
        SFR56            001C00-001C6F               70           1
        SFR57            001C80-001CEF               70           1
        SFR58            001D00-001D6F               70           1
        SFR59            001D80-001DEF               70           1
        SFR6             000300-00031F               20           1
        SFR60            001E00-001E6F               70           1
        SFR61            001E80-001EEF               70           1
        SFR62            001F00-001F6F               70           1
        SFR63            001F80-001FEF               70           1
        SFR7             000380-00039F               20           1
        SFR8             000400-00041F               20           1
        SFR9             000480-00049F               20           1
        STACK            002140-0027EF              6B0           1
        STRCODE          000004-000007                4           2
                         000800-000804                5
                         001000-001000                1
                         001800-001801                2
                         003000-003633              634
                         0038C6-003FFF              73A
        STRING           000004-000007                4           2
                         000800-000804                5
                         001000-001000                1
                         001800-001801                2
                         003000-003633              100
                         0038C6-003FFF              100

                                  Symbol Table

?__Umul8_16                                     cstackCOMMON 000070
?___fldiv                                       cstackCOMMON 000070
?___flmul                                       cstackBANK0  000020
?___flneg                                       cstackCOMMON 000070
?___lmul                                        cstackCOMMON 000070
?___omul                                        cstackBANK0  000020
?___strtoxll                                    cstackBANK0  000030
?___wmul                                        cstackCOMMON 000070
?___xxtofl                                      cstackCOMMON 000070
?_atoaefg                                       cstackBANK0  00005E
?_atoc                                          cstackCOMMON 00007C
?_atod                                          cstackBANK1  0000A0
?_atoi                                          cstackCOMMON 000076
?_atoo                                          cstackBANK1  0000A0
?_atos                                          cstackBANK0  000026
?_atou                                          cstackBANK1  0000A0
?_atox                                          cstackBANK1  0000A0
?_fgetc                                         cstackCOMMON 000074
?_getch                                         cstackCOMMON 000070
?_isalpha                                       cstackCOMMON 000070
?_isdigit                                       cstackCOMMON 000070
?_islower                                       cstackCOMMON 000070
?_isspace                                       cstackCOMMON 000070
?_isupper                                       cstackCOMMON 000070
?_isxdigit                                      cstackCOMMON 000070
?_nanf                                          cstackCOMMON 000070
?_pad                                           cstackBANK0  000024
?_printf                                        cstackBANK1  0000A0
?_scanf                                         cstackBANK1  0000EA
?_strlen                                        cstackCOMMON 000070
?_strncmp                                       cstackCOMMON 000070
?_strtof                                        cstackBANK0  000035
?_strtoll                                       cstackBANK0  000065
?_strtoull                                      cstackBANK0  000065
?_tolower                                       cstackCOMMON 000076
?_toupper                                       cstackCOMMON 000076
?_vfpfcnvrt                                     cstackBANK0  000053
?_vfprintf                                      cstackBANK0  000064
?_vfscanf                                       cstackBANK1  0000E0
?_vfsfcnvrt                                     cstackBANK1  0000B0
?_xtoa                                          cstackBANK0  00002D
EUSART1_SetErrorHandler@interruptHandler        cstackCOMMON 000070
EUSART1_SetFramingErrorHandler@interruptHandler cstackCOMMON 000070
EUSART1_SetOverrunErrorHandler@interruptHandler cstackCOMMON 000070
EUSART1_Write@txData                            cstackCOMMON 000070
PWM3_LoadDutyValue@dutyValue                    cstackCOMMON 000070
PWM4_LoadDutyValue@dutyValue                    cstackCOMMON 000070
PWM5_LoadDutyValue@dutyValue                    cstackCOMMON 000070
_ANSELA                                         (abs)        001F38
_ANSELB                                         (abs)        001F43
_ANSELC                                         (abs)        001F4E
_BAUD1CON                                       (abs)        00011F
_EUSART1_DefaultErrorHandler                    (abs)        000000
_EUSART1_DefaultFramingErrorHandler             (abs)        000000
_EUSART1_DefaultOverrunErrorHandler             (abs)        000000
_EUSART1_ErrorHandler                           bssBANK2     000136
_EUSART1_FramingErrorHandler                    bssBANK2     00013A
_EUSART1_Initialize                             text59       00285D
_EUSART1_OverrunErrorHandler                    bssBANK2     000138
_EUSART1_Read                                   text36       003693
_EUSART1_SetErrorHandler                        text62       003634
_EUSART1_SetFramingErrorHandler                 text61       00363A
_EUSART1_SetOverrunErrorHandler                 text60       003640
_EUSART1_Write                                  text48       003658
_INLVLA                                         (abs)        001F3C
_INLVLB                                         (abs)        001F47
_INLVLC                                         (abs)        001F52
_INLVLE                                         (abs)        001F68
_LATA                                           (abs)        000018
_LATB                                           (abs)        000019
_LATC                                           (abs)        00001A
_ODCONA                                         (abs)        001F3A
_ODCONB                                         (abs)        001F45
_ODCONC                                         (abs)        001F50
_OSCCON1                                        (abs)        00088D
_OSCCON3                                        (abs)        00088F
_OSCEN                                          (abs)        000891
_OSCFRQ                                         (abs)        000893
_OSCILLATOR_Initialize                          text58       003677
_OSCSTAT                                        (abs)        000890
_OSCTUNE                                        (abs)        000892
_PIN_MANAGER_Initialize                         text57       002976
_PIR3bits                                       (abs)        00070F
_PIR4bits                                       (abs)        000710
_PLLR                                           (abs)        004480
_PMD0                                           (abs)        000796
_PMD1                                           (abs)        000797
_PMD2                                           (abs)        000798
_PMD3                                           (abs)        000799
_PMD4                                           (abs)        00079A
_PMD5                                           (abs)        00079B
_PMD_Initialize                                 text56       001001
_PR2                                            (abs)        00028D
_PWM3CON                                        (abs)        000316
_PWM3DCH                                        (abs)        000315
_PWM3DCL                                        (abs)        000314
_PWM3_Initialize                                text55       003646
_PWM3_LoadDutyValue                             text65       0036C8
_PWM4CON                                        (abs)        00031A
_PWM4DCH                                        (abs)        000319
_PWM4DCL                                        (abs)        000318
_PWM4_Initialize                                text54       00364C
_PWM4_LoadDutyValue                             text64       0036DE
_PWM5CON                                        (abs)        00031E
_PWM5DCH                                        (abs)        00031D
_PWM5DCL                                        (abs)        00031C
_PWM5_Initialize                                text53       003652
_PWM5_LoadDutyValue                             text63       0036F4
_RC0PPS                                         (abs)        001F20
_RC1PPS                                         (abs)        001F21
_RC1REG                                         (abs)        000119
_RC1STA                                         (abs)        00011D
_RC1STAbits                                     (abs)        00011D
_RC2PPS                                         (abs)        001F22
_RC6PPS                                         (abs)        001F26
_RX1DTPPS                                       (abs)        001ECB
_SLRCONA                                        (abs)        001F3B
_SLRCONB                                        (abs)        001F46
_SLRCONC                                        (abs)        001F51
_SP1BRGH                                        (abs)        00011C
_SP1BRGL                                        (abs)        00011B
_SYSTEM_Initialize                              text51       003768
_T2CLKCON                                       (abs)        000290
_T2CON                                          (abs)        00028E
_T2CONbits                                      (abs)        00028E
_T2HLT                                          (abs)        00028F
_T2HLTbits                                      (abs)        00028F
_T2PR                                           (abs)        00028D
_T2RST                                          (abs)        000291
_T2RSTbits                                      (abs)        000291
_T2TMR                                          (abs)        00028C
_TMR2                                           (abs)        00028C
_TMR2_Initialize                                text52       003685
_TRISA                                          (abs)        000012
_TRISB                                          (abs)        000013
_TRISC                                          (abs)        000014
_TX1REG                                         (abs)        00011A
_TX1STA                                         (abs)        00011E
_TX1STAbits                                     (abs)        00011E
_WPUA                                           (abs)        001F39
_WPUB                                           (abs)        001F44
_WPUC                                           (abs)        001F4F
_WPUE                                           (abs)        001F65
__CFG_BBEN$OFF                                  (abs)        000000
__CFG_BBSIZE$BB512                              (abs)        000000
__CFG_BOREN$ON                                  (abs)        000000
__CFG_BORV$LO                                   (abs)        000000
__CFG_CLKOUTEN$OFF                              (abs)        000000
__CFG_CP$OFF                                    (abs)        000000
__CFG_CSWEN$ON                                  (abs)        000000
__CFG_FCMEN$ON                                  (abs)        000000
__CFG_FEXTOSC$OFF                               (abs)        000000
__CFG_LPBOREN$OFF                               (abs)        000000
__CFG_LVP$ON                                    (abs)        000000
__CFG_MCLRE$ON                                  (abs)        000000
__CFG_PPS1WAY$ON                                (abs)        000000
__CFG_PWRTE$OFF                                 (abs)        000000
__CFG_RSTOSC$HFINTPLL                           (abs)        000000
__CFG_SAFEN$OFF                                 (abs)        000000
__CFG_STVREN$ON                                 (abs)        000000
__CFG_WDTCCS$SC                                 (abs)        000000
__CFG_WDTCPS$WDTCPS_31                          (abs)        000000
__CFG_WDTCWS$WDTCWS_7                           (abs)        000000
__CFG_WDTE$OFF                                  (abs)        000000
__CFG_WRTAPP$OFF                                (abs)        000000
__CFG_WRTB$OFF                                  (abs)        000000
__CFG_WRTC$OFF                                  (abs)        000000
__CFG_WRTSAF$OFF                                (abs)        000000
__CFG_ZCD$OFF                                   (abs)        000000
__Habs1                                         abs1         000000
__Hbank0                                        bank0        000000
__Hbank1                                        bank1        000000
__Hbank10                                       bank10       000000
__Hbank11                                       bank11       000000
__Hbank12                                       bank12       000000
__Hbank13                                       bank13       000000
__Hbank14                                       bank14       000000
__Hbank15                                       bank15       000000
__Hbank16                                       bank16       000000
__Hbank17                                       bank17       000000
__Hbank18                                       bank18       000000
__Hbank19                                       bank19       000000
__Hbank2                                        bank2        000000
__Hbank20                                       bank20       000000
__Hbank21                                       bank21       000000
__Hbank22                                       bank22       000000
__Hbank23                                       bank23       000000
__Hbank24                                       bank24       000000
__Hbank25                                       bank25       000000
__Hbank26                                       bank26       000000
__Hbank27                                       bank27       000000
__Hbank28                                       bank28       000000
__Hbank29                                       bank29       000000
__Hbank3                                        bank3        000000
__Hbank30                                       bank30       000000
__Hbank31                                       bank31       000000
__Hbank32                                       bank32       000000
__Hbank33                                       bank33       000000
__Hbank34                                       bank34       000000
__Hbank35                                       bank35       000000
__Hbank36                                       bank36       000000
__Hbank37                                       bank37       000000
__Hbank38                                       bank38       000000
__Hbank39                                       bank39       000000
__Hbank4                                        bank4        000000
__Hbank40                                       bank40       000000
__Hbank41                                       bank41       000000
__Hbank42                                       bank42       000000
__Hbank43                                       bank43       000000
__Hbank44                                       bank44       000000
__Hbank45                                       bank45       000000
__Hbank46                                       bank46       000000
__Hbank47                                       bank47       000000
__Hbank48                                       bank48       000000
__Hbank49                                       bank49       000000
__Hbank5                                        bank5        000000
__Hbank50                                       bank50       000000
__Hbank51                                       bank51       000000
__Hbank52                                       bank52       000000
__Hbank53                                       bank53       000000
__Hbank54                                       bank54       000000
__Hbank55                                       bank55       000000
__Hbank56                                       bank56       000000
__Hbank57                                       bank57       000000
__Hbank58                                       bank58       000000
__Hbank59                                       bank59       000000
__Hbank6                                        bank6        000000
__Hbank60                                       bank60       000000
__Hbank61                                       bank61       000000
__Hbank62                                       bank62       000000
__Hbank63                                       bank63       000000
__Hbank7                                        bank7        000000
__Hbank8                                        bank8        000000
__Hbank9                                        bank9        000000
__Hbigram                                       bigram       000000
__HbssBANK1                                     bssBANK1     000000
__HbssBANK2                                     bssBANK2     000000
__HbssBANK3                                     bssBANK3     000000
__Hcinit                                        cinit        000800
__Hclrtext                                      clrtext      000000
__Hcode                                         code         000000
__Hcommon                                       common       000000
__Hconfig                                       config       00800C
__HcstackBANK0                                  cstackBANK0  000000
__HcstackBANK1                                  cstackBANK1  000000
__HcstackBANK2                                  cstackBANK2  000000
__HcstackCOMMON                                 cstackCOMMON 000000
__Heeprom_data                                  eeprom_data  000000
__Hend_init                                     end_init     000004
__Hfunctab                                      functab      000000
__Hidloc                                        idloc        000000
__Hinit                                         init         000002
__Hintentry                                     intentry     000002
__Hmaintext                                     maintext     000000
__Hpowerup                                      powerup      000000
__Hram                                          ram          000000
__Hreset_vec                                    reset_vec    000002
__Hsfr0                                         sfr0         000000
__Hsfr1                                         sfr1         000000
__Hsfr10                                        sfr10        000000
__Hsfr11                                        sfr11        000000
__Hsfr12                                        sfr12        000000
__Hsfr13                                        sfr13        000000
__Hsfr14                                        sfr14        000000
__Hsfr15                                        sfr15        000000
__Hsfr16                                        sfr16        000000
__Hsfr17                                        sfr17        000000
__Hsfr18                                        sfr18        000000
__Hsfr19                                        sfr19        000000
__Hsfr2                                         sfr2         000000
__Hsfr20                                        sfr20        000000
__Hsfr21                                        sfr21        000000
__Hsfr22                                        sfr22        000000
__Hsfr23                                        sfr23        000000
__Hsfr24                                        sfr24        000000
__Hsfr25                                        sfr25        000000
__Hsfr26                                        sfr26        000000
__Hsfr27                                        sfr27        000000
__Hsfr28                                        sfr28        000000
__Hsfr29                                        sfr29        000000
__Hsfr3                                         sfr3         000000
__Hsfr30                                        sfr30        000000
__Hsfr31                                        sfr31        000000
__Hsfr32                                        sfr32        000000
__Hsfr33                                        sfr33        000000
__Hsfr34                                        sfr34        000000
__Hsfr35                                        sfr35        000000
__Hsfr36                                        sfr36        000000
__Hsfr37                                        sfr37        000000
__Hsfr38                                        sfr38        000000
__Hsfr39                                        sfr39        000000
__Hsfr4                                         sfr4         000000
__Hsfr40                                        sfr40        000000
__Hsfr41                                        sfr41        000000
__Hsfr42                                        sfr42        000000
__Hsfr43                                        sfr43        000000
__Hsfr44                                        sfr44        000000
__Hsfr45                                        sfr45        000000
__Hsfr46                                        sfr46        000000
__Hsfr47                                        sfr47        000000
__Hsfr48                                        sfr48        000000
__Hsfr49                                        sfr49        000000
__Hsfr5                                         sfr5         000000
__Hsfr50                                        sfr50        000000
__Hsfr51                                        sfr51        000000
__Hsfr52                                        sfr52        000000
__Hsfr53                                        sfr53        000000
__Hsfr54                                        sfr54        000000
__Hsfr55                                        sfr55        000000
__Hsfr56                                        sfr56        000000
__Hsfr57                                        sfr57        000000
__Hsfr58                                        sfr58        000000
__Hsfr59                                        sfr59        000000
__Hsfr6                                         sfr6         000000
__Hsfr60                                        sfr60        000000
__Hsfr61                                        sfr61        000000
__Hsfr62                                        sfr62        000000
__Hsfr63                                        sfr63        000000
__Hsfr7                                         sfr7         000000
__Hsfr8                                         sfr8         000000
__Hsfr9                                         sfr9         000000
__Hspace_0                                      (abs)        00800C
__Hspace_1                                      (abs)        0001F0
__Hspace_2                                      (abs)        000000
__Hspace_3                                      (abs)        000000
__Hstack                                        stack        000000
__Hstrings                                      strings      000000
__Hstringtext1                                  stringtext1  000000
__Hstringtext10                                 stringtext10 000000
__Hstringtext11                                 stringtext11 000000
__Hstringtext12                                 stringtext12 000000
__Hstringtext13                                 stringtext13 000000
__Hstringtext14                                 stringtext14 000000
__Hstringtext15                                 stringtext15 000000
__Hstringtext16                                 stringtext16 000000
__Hstringtext17                                 stringtext17 000000
__Hstringtext18                                 stringtext18 000000
__Hstringtext19                                 stringtext19 000000
__Hstringtext2                                  stringtext2  000000
__Hstringtext20                                 stringtext20 000000
__Hstringtext21                                 stringtext21 000000
__Hstringtext22                                 stringtext22 000000
__Hstringtext23                                 stringtext23 000000
__Hstringtext24                                 stringtext24 000000
__Hstringtext25                                 stringtext25 000000
__Hstringtext26                                 stringtext26 000000
__Hstringtext27                                 stringtext27 000000
__Hstringtext28                                 stringtext28 000000
__Hstringtext29                                 stringtext29 000000
__Hstringtext3                                  stringtext3  000000
__Hstringtext30                                 stringtext30 000000
__Hstringtext31                                 stringtext31 000000
__Hstringtext32                                 stringtext32 000000
__Hstringtext33                                 stringtext33 000000
__Hstringtext34                                 stringtext34 000000
__Hstringtext35                                 stringtext35 000000
__Hstringtext36                                 stringtext36 000000
__Hstringtext37                                 stringtext37 000000
__Hstringtext38                                 stringtext38 000000
__Hstringtext39                                 stringtext39 000000
__Hstringtext4                                  stringtext4  000000
__Hstringtext40                                 stringtext40 000000
__Hstringtext41                                 stringtext41 000000
__Hstringtext42                                 stringtext42 000000
__Hstringtext43                                 stringtext43 000000
__Hstringtext44                                 stringtext44 000000
__Hstringtext45                                 stringtext45 000000
__Hstringtext46                                 stringtext46 000000
__Hstringtext47                                 stringtext47 000000
__Hstringtext48                                 stringtext48 000000
__Hstringtext5                                  stringtext5  000000
__Hstringtext6                                  stringtext6  000000
__Hstringtext7                                  stringtext7  000000
__Hstringtext8                                  stringtext8  000000
__Hstringtext9                                  stringtext9  000000
__Htext                                         text         000000
__Labs1                                         abs1         000000
__Lbank0                                        bank0        000000
__Lbank1                                        bank1        000000
__Lbank10                                       bank10       000000
__Lbank11                                       bank11       000000
__Lbank12                                       bank12       000000
__Lbank13                                       bank13       000000
__Lbank14                                       bank14       000000
__Lbank15                                       bank15       000000
__Lbank16                                       bank16       000000
__Lbank17                                       bank17       000000
__Lbank18                                       bank18       000000
__Lbank19                                       bank19       000000
__Lbank2                                        bank2        000000
__Lbank20                                       bank20       000000
__Lbank21                                       bank21       000000
__Lbank22                                       bank22       000000
__Lbank23                                       bank23       000000
__Lbank24                                       bank24       000000
__Lbank25                                       bank25       000000
__Lbank26                                       bank26       000000
__Lbank27                                       bank27       000000
__Lbank28                                       bank28       000000
__Lbank29                                       bank29       000000
__Lbank3                                        bank3        000000
__Lbank30                                       bank30       000000
__Lbank31                                       bank31       000000
__Lbank32                                       bank32       000000
__Lbank33                                       bank33       000000
__Lbank34                                       bank34       000000
__Lbank35                                       bank35       000000
__Lbank36                                       bank36       000000
__Lbank37                                       bank37       000000
__Lbank38                                       bank38       000000
__Lbank39                                       bank39       000000
__Lbank4                                        bank4        000000
__Lbank40                                       bank40       000000
__Lbank41                                       bank41       000000
__Lbank42                                       bank42       000000
__Lbank43                                       bank43       000000
__Lbank44                                       bank44       000000
__Lbank45                                       bank45       000000
__Lbank46                                       bank46       000000
__Lbank47                                       bank47       000000
__Lbank48                                       bank48       000000
__Lbank49                                       bank49       000000
__Lbank5                                        bank5        000000
__Lbank50                                       bank50       000000
__Lbank51                                       bank51       000000
__Lbank52                                       bank52       000000
__Lbank53                                       bank53       000000
__Lbank54                                       bank54       000000
__Lbank55                                       bank55       000000
__Lbank56                                       bank56       000000
__Lbank57                                       bank57       000000
__Lbank58                                       bank58       000000
__Lbank59                                       bank59       000000
__Lbank6                                        bank6        000000
__Lbank60                                       bank60       000000
__Lbank61                                       bank61       000000
__Lbank62                                       bank62       000000
__Lbank63                                       bank63       000000
__Lbank7                                        bank7        000000
__Lbank8                                        bank8        000000
__Lbank9                                        bank9        000000
__Lbigram                                       bigram       000000
__LbssBANK1                                     bssBANK1     000000
__LbssBANK2                                     bssBANK2     000000
[...]
      Params:         2       0       0       0       0       0       0       0       0       0       0       0       0       0       0       0       0       0       0       0       0       0       0       0       0       0       0
      Locals:         0       0       0       0       0       0       0       0       0       0       0       0       0       0       0       0       0       0       0       0       0       0       0       0       0       0       0
      Temps:          0       0       0       0       0       0       0       0       0       0       0       0       0       0       0       0       0       0       0       0       0       0       0       0       0       0       0
      Totals:         2       0       0       0       0       0       0       0       0       0       0       0       0       0       0       0       0       0       0       0       0       0       0       0       0       0       0
Total ram usage:        2 bytes
 Hardware stack levels used:    1
 This function calls:
		Nothing
 This function is called by:
		_EUSART1_Initialize
 This function uses a non-reentrant model


 *************** function _EUSART1_SetFramingErrorHandler *****************
 Defined at:
		line 166 in file "mcc_generated_files/eusart1.c"
 Parameters:    Size  Location     Type
  interruptHan    2    0[COMMON] PTR FTN()void 
		 -> EUSART1_DefaultFramingErrorHandler(1), 
 Auto vars:     Size  Location     Type
		None
 Return value:  Size  Location     Type
                  1    wreg      void 
 Registers used:
		wreg
 Tracked objects:
		On entry : 
		On exit  : 
		Unchanged: 
 Data sizes:     COMMON   BANK0   BANK1   BANK2   BANK3   BANK4   BANK5   BANK6   BANK7   BANK8   BANK9  BANK10  BANK11  BANK12  BANK13  BANK14  BANK15  BANK16  BANK17  BANK18  BANK19  BANK20  BANK21  BANK22  BANK23  BANK24  BANK25
      Params:         2       0       0       0       0       0       0       0       0       0       0       0       0       0       0       0       0       0       0       0       0       0       0       0       0       0       0
      Locals:         0       0       0       0       0       0       0       0       0       0       0       0       0       0       0       0       0       0       0       0       0       0       0       0       0       0       0
      Temps:          0       0       0       0       0       0       0       0       0       0       0       0       0       0       0       0       0       0       0       0       0       0       0       0       0       0       0
      Totals:         2       0       0       0       0       0       0       0       0       0       0       0       0       0       0       0       0       0       0       0       0       0       0       0       0       0       0
Total ram usage:        2 bytes
 Hardware stack levels used:    1
 This function calls:
		Nothing
 This function is called by:
		_EUSART1_Initialize
 This function uses a non-reentrant model


 *************** function _EUSART1_SetErrorHandler *****************
 Defined at:
		line 174 in file "mcc_generated_files/eusart1.c"
 Parameters:    Size  Location     Type
  interruptHan    2    0[COMMON] PTR FTN()void 
		 -> EUSART1_DefaultErrorHandler(1), 
 Auto vars:     Size  Location     Type
		None
 Return value:  Size  Location     Type
                  1    wreg      void 
 Registers used:
		wreg
 Tracked objects:
		On entry : 
		On exit  : 
		Unchanged: 
 Data sizes:     COMMON   BANK0   BANK1   BANK2   BANK3   BANK4   BANK5   BANK6   BANK7   BANK8   BANK9  BANK10  BANK11  BANK12  BANK13  BANK14  BANK15  BANK16  BANK17  BANK18  BANK19  BANK20  BANK21  BANK22  BANK23  BANK24  BANK25
      Params:         2       0       0       0       0       0       0       0       0       0       0       0       0       0       0       0       0       0       0       0       0       0       0       0       0       0       0
      Locals:         0       0       0       0       0       0       0       0       0       0       0       0       0       0       0       0       0       0       0       0       0       0       0       0       0       0       0
      Temps:          0       0       0       0       0       0       0       0       0       0       0       0       0       0       0       0       0       0       0       0       0       0       0       0       0       0       0
      Totals:         2       0       0       0       0       0       0       0       0       0       0       0       0       0       0       0       0       0       0       0       0       0       0       0       0       0       0
Total ram usage:        2 bytes
 Hardware stack levels used:    1
 This function calls:
		Nothing
 This function is called by:
		_EUSART1_Initialize
 This function uses a non-reentrant model


 *************** function _PWM5_LoadDutyValue *****************
 Defined at:
		line 72 in file "mcc_generated_files/pwm5.c"
 Parameters:    Size  Location     Type
  dutyValue       2    0[COMMON] unsigned short 
 Auto vars:     Size  Location     Type
		None
 Return value:  Size  Location     Type
                  1    wreg      void 
 Registers used:
		wreg, status,2, status,0
 Tracked objects:
		On entry : 
		On exit  : 
		Unchanged: 
 Data sizes:     COMMON   BANK0   BANK1   BANK2   BANK3   BANK4   BANK5   BANK6   BANK7   BANK8   BANK9  BANK10  BANK11  BANK12  BANK13  BANK14  BANK15  BANK16  BANK17  BANK18  BANK19  BANK20  BANK21  BANK22  BANK23  BANK24  BANK25
      Params:         2       0       0       0       0       0       0       0       0       0       0       0       0       0       0       0       0       0       0       0       0       0       0       0       0       0       0
      Locals:         0       0       0       0       0       0       0       0       0       0       0       0       0       0       0       0       0       0       0       0       0       0       0       0       0       0       0
      Temps:          2       0       0       0       0       0       0       0       0       0       0       0       0       0       0       0       0       0       0       0       0       0       0       0       0       0       0
      Totals:         4       0       0       0       0       0       0       0       0       0       0       0       0       0       0       0       0       0       0       0       0       0       0       0       0       0       0
Total ram usage:        4 bytes
 Hardware stack levels used:    1
 This function calls:
		Nothing
 This function is called by:
		_main
 This function uses a non-reentrant model


 *************** function _PWM4_LoadDutyValue *****************
 Defined at:
		line 72 in file "mcc_generated_files/pwm4.c"
 Parameters:    Size  Location     Type
  dutyValue       2    0[COMMON] unsigned short 
 Auto vars:     Size  Location     Type
		None
 Return value:  Size  Location     Type
                  1    wreg      void 
 Registers used:
		wreg, status,2, status,0
 Tracked objects:
		On entry : 
		On exit  : 
		Unchanged: 
 Data sizes:     COMMON   BANK0   BANK1   BANK2   BANK3   BANK4   BANK5   BANK6   BANK7   BANK8   BANK9  BANK10  BANK11  BANK12  BANK13  BANK14  BANK15  BANK16  BANK17  BANK18  BANK19  BANK20  BANK21  BANK22  BANK23  BANK24  BANK25
      Params:         2       0       0       0       0       0       0       0       0       0       0       0       0       0       0       0       0       0       0       0       0       0       0       0       0       0       0
      Locals:         0       0       0       0       0       0       0       0       0       0       0       0       0       0       0       0       0       0       0       0       0       0       0       0       0       0       0
      Temps:          2       0       0       0       0       0       0       0       0       0       0       0       0       0       0       0       0       0       0       0       0       0       0       0       0       0       0
      Totals:         4       0       0       0       0       0       0       0       0       0       0       0       0       0       0       0       0       0       0       0       0       0       0       0       0       0       0
Total ram usage:        4 bytes
 Hardware stack levels used:    1
 This function calls:
		Nothing
 This function is called by:
		_main
 This function uses a non-reentrant model


 *************** function _PWM3_LoadDutyValue *****************
 Defined at:
		line 72 in file "mcc_generated_files/pwm3.c"
 Parameters:    Size  Location     Type
  dutyValue       2    0[COMMON] unsigned short 
 Auto vars:     Size  Location     Type
		None
 Return value:  Size  Location     Type
                  1    wreg      void 
 Registers used:
		wreg, status,2, status,0
 Tracked objects:
		On entry : 
		On exit  : 
		Unchanged: 
 Data sizes:     COMMON   BANK0   BANK1   BANK2   BANK3   BANK4   BANK5   BANK6   BANK7   BANK8   BANK9  BANK10  BANK11  BANK12  BANK13  BANK14  BANK15  BANK16  BANK17  BANK18  BANK19  BANK20  BANK21  BANK22  BANK23  BANK24  BANK25
      Params:         2       0       0       0       0       0       0       0       0       0       0       0       0       0       0       0       0       0       0       0       0       0       0       0       0       0       0
      Locals:         0       0       0       0       0       0       0       0       0       0       0       0       0       0       0       0       0       0       0       0       0       0       0       0       0       0       0
      Temps:          2       0       0       0       0       0       0       0       0       0       0       0       0       0       0       0       0       0       0       0       0       0       0       0       0       0       0
      Totals:         4       0       0       0       0       0       0       0       0       0       0       0       0       0       0       0       0       0       0       0       0       0       0       0       0       0       0
Total ram usage:        4 bytes
 Hardware stack levels used:    1
 This function calls:
		Nothing
 This function is called by:
		_main
 This function uses a non-reentrant model



MODULE INFORMATION

Module		Function		Class		Link	Load	Size
C:\Program Files (x86)\Microchip\xc8\v2.10\pic\sources\c99\common\atoi.c
		_atoi          		CODE           	2DAF	0000	176

C:\Program Files (x86)\Microchip\xc8\v2.10\pic\sources\c99\common\atoi.c estimated size: 176

C:\Program Files (x86)\Microchip\xc8\v2.10\pic\sources\c99\common\fleq.c
		___fleq        		CODE           	2AF5	0000	79

C:\Program Files (x86)\Microchip\xc8\v2.10\pic\sources\c99\common\fleq.c estimated size: 79

C:\Program Files (x86)\Microchip\xc8\v2.10\pic\sources\c99\common\islower.c
		_islower       		CODE           	3738	0000	25

C:\Program Files (x86)\Microchip\xc8\v2.10\pic\sources\c99\common\islower.c estimated size: 25

C:\Program Files (x86)\Microchip\xc8\v2.10\pic\sources\c99\common\Umul32.c
		___lmul        		CODE           	29A9	0000	52

C:\Program Files (x86)\Microchip\xc8\v2.10\pic\sources\c99\common\Umul32.c estimated size: 52

C:\Program Files (x86)\Microchip\xc8\v2.10\pic\sources\c99\common\scanf.c
		_scanf         		CODE           	36B3	0000	22

C:\Program Files (x86)\Microchip\xc8\v2.10\pic\sources\c99\common\scanf.c estimated size: 22

C:\Program Files (x86)\Microchip\xc8\v2.10\pic\sources\c99\common\isxdigit.c
		_isxdigit      		CODE           	2916	0000	48

C:\Program Files (x86)\Microchip\xc8\v2.10\pic\sources\c99\common\isxdigit.c estimated size: 48

mcc_generated_files/pwm4.c
		_PWM4_Initialize		CODE           	364C	0000	7
		_PWM4_LoadDutyValue		CODE           	36DE	0000	23

mcc_generated_files/pwm4.c estimated size: 30

C:\Program Files (x86)\Microchip\xc8\v2.10\pic\sources\c99\common\strtoull.c
		_strtoull      		CODE           	281A	0000	34

C:\Program Files (x86)\Microchip\xc8\v2.10\pic\sources\c99\common\strtoull.c estimated size: 34

C:\Program Files (x86)\Microchip\xc8\v2.10\pic\sources\c99\common\xxtofl.c
		___xxtofl      		CODE           	2D03	0000	173

C:\Program Files (x86)\Microchip\xc8\v2.10\pic\sources\c99\common\xxtofl.c estimated size: 173

C:\Program Files (x86)\Microchip\xc8\v2.10\pic\sources\c99\common\toupper.c
		_toupper       		CODE           	28A3	0000	38

C:\Program Files (x86)\Microchip\xc8\v2.10\pic\sources\c99\common\toupper.c estimated size: 38

C:\Program Files (x86)\Microchip\xc8\v2.10\pic\sources\c99\common\isalpha.c
		_isalpha       		CODE           	3781	0000	31

C:\Program Files (x86)\Microchip\xc8\v2.10\pic\sources\c99\common\isalpha.c estimated size: 31

mcc_generated_files/tmr2.c
		_TMR2_Initialize		CODE           	3685	0000	15

mcc_generated_files/tmr2.c estimated size: 15

C:\Program Files (x86)\Microchip\xc8\v2.10\pic\sources\c99\common\isspace.c
		_isspace       		CODE           	37BE	0000	34

C:\Program Files (x86)\Microchip\xc8\v2.10\pic\sources\c99\common\isspace.c estimated size: 34

C:\Program Files (x86)\Microchip\xc8\v2.10\pic\sources\c99\common\strlen.c
		_strlen        		CODE           	2800	0000	27

C:\Program Files (x86)\Microchip\xc8\v2.10\pic\sources\c99\common\strlen.c estimated size: 27

C:\Program Files (x86)\Microchip\xc8\v2.10\pic\sources\c99\common\strtoll.c
		_strtoll       		CODE           	283B	0000	35

C:\Program Files (x86)\Microchip\xc8\v2.10\pic\sources\c99\common\strtoll.c estimated size: 35

C:\Program Files (x86)\Microchip\xc8\v2.10\pic\sources\c99\common\tolower.c
		_tolower       		CODE           	28C8	0000	38

C:\Program Files (x86)\Microchip\xc8\v2.10\pic\sources\c99\common\tolower.c estimated size: 38

C:\Program Files (x86)\Microchip\xc8\v2.10\pic\sources\c99\common\strncmp.c
		_strncmp       		CODE           	2B9C	0000	93

C:\Program Files (x86)\Microchip\xc8\v2.10\pic\sources\c99\common\strncmp.c estimated size: 93

mcc_generated_files/pin_manager.c
		_PIN_MANAGER_Initialize		CODE           	2976	0000	52

mcc_generated_files/pin_manager.c estimated size: 52

C:\Program Files (x86)\Microchip\xc8\v2.10\pic\sources\c99\common\sprcmul.c
		___flmul       		CODE           	1326	0000	600

C:\Program Files (x86)\Microchip\xc8\v2.10\pic\sources\c99\common\sprcmul.c estimated size: 600

C:\Program Files (x86)\Microchip\xc8\v2.10\pic\sources\c99\common\sprcdiv.c
		___fldiv       		CODE           	18A5	0000	437

C:\Program Files (x86)\Microchip\xc8\v2.10\pic\sources\c99\common\sprcdiv.c estimated size: 437

C:\Program Files (x86)\Microchip\xc8\v2.10\pic\sources\c99\common\doprnt.c
		_vfpfcnvrt     		CODE           	2123	0000	232
		_pad           		CODE           	2B43	0000	90
		_vfprintf      		CODE           	2945	0000	50
		_xtoa          		CODE           	0805	0000	376

C:\Program Files (x86)\Microchip\xc8\v2.10\pic\sources\c99\common\doprnt.c estimated size: 748

C:\Program Files (x86)\Microchip\xc8\v2.10\pic\sources\c99\common\nf_fputs.c
		_fputs         		CODE           	28ED	0000	42

C:\Program Files (x86)\Microchip\xc8\v2.10\pic\sources\c99\common\nf_fputs.c estimated size: 42

C:\Program Files (x86)\Microchip\xc8\v2.10\pic\sources\c99\common\__strtoxll.c
		___strtoxll    		CODE           	157D	0000	644

C:\Program Files (x86)\Microchip\xc8\v2.10\pic\sources\c99\common\__strtoxll.c estimated size: 644

C:\Program Files (x86)\Microchip\xc8\v2.10\pic\sources\c99\common\strtof.c
		_strtof        		CODE           	2680	0000	2053

C:\Program Files (x86)\Microchip\xc8\v2.10\pic\sources\c99\common\strtof.c estimated size: 2053

C:\Program Files (x86)\Microchip\xc8\v2.10\pic\sources\c99\common\flge.c
		___flge        		CODE           	0008	0000	139

C:\Program Files (x86)\Microchip\xc8\v2.10\pic\sources\c99\common\flge.c estimated size: 139

C:\Program Files (x86)\Microchip\xc8\v2.10\pic\sources\c99\common\flneg.c
		___flneg       		CODE           	366C	0000	12

C:\Program Files (x86)\Microchip\xc8\v2.10\pic\sources\c99\common\flneg.c estimated size: 12

shared
		__initialization		CODE           	07EA	0000	20

shared estimated size: 20

mcc_generated_files/eusart1.c
		_EUSART1_Initialize		CODE           	285D	0000	36
		_putch         		CODE           	2000	0000	7
		_EUSART1_SetFramingErrorHandler		CODE           	363A	0000	7
		_EUSART1_Read  		CODE           	3693	0000	16
		_EUSART1_SetOverrunErrorHandler		CODE           	3640	0000	7
		_EUSART1_SetErrorHandler		CODE           	3634	0000	7
		_EUSART1_Write 		CODE           	3658	0000	11
		_getch         		CODE           	3662	0000	11

mcc_generated_files/eusart1.c estimated size: 102

mcc_generated_files/pwm5.c
		_PWM5_LoadDutyValue		CODE           	36F4	0000	23
		_PWM5_Initialize		CODE           	3652	0000	7

mcc_generated_files/pwm5.c estimated size: 30

mcc_generated_files/mcc.c
		_PMD_Initialize		CODE           	1001	0000	9
		_OSCILLATOR_Initialize		CODE           	3677	0000	15
		_SYSTEM_Initialize		CODE           	3768	0000	26

mcc_generated_files/mcc.c estimated size: 50

mcc_generated_files/pwm3.c
		_PWM3_Initialize		CODE           	3646	0000	7
		_PWM3_LoadDutyValue		CODE           	36C8	0000	23

mcc_generated_files/pwm3.c estimated size: 30

C:\Program Files (x86)\Microchip\xc8\v2.10\pic\sources\c99\common\isdigit.c
		_isdigit       		CODE           	3750	0000	25

C:\Program Files (x86)\Microchip\xc8\v2.10\pic\sources\c99\common\isdigit.c estimated size: 25

C:\Program Files (x86)\Microchip\xc8\v2.10\pic\sources\c99\common\doscan.c
		_atoaefg       		CODE           	2557	0000	298
		_atos          		CODE           	1808	0000	158
		_vfsfcnvrt     		CODE           	231E	0000	4771
		_atou          		CODE           	2045	0000	223
		_vfscanf       		CODE           	2A60	0000	74
		_atox          		CODE           	2E5E	0000	197
		_skipws        		CODE           	2A19	0000	72
		_atoc          		CODE           	2C72	0000	146
		_atoo          		CODE           	1009	0000	200
		_atod          		CODE           	2F22	0000	223

C:\Program Files (x86)\Microchip\xc8\v2.10\pic\sources\c99\common\doscan.c estimated size: 6362

C:\Program Files (x86)\Microchip\xc8\v2.10\pic\sources\c99\common\Umul64.c
		___omul        		CODE           	2AA9	0000	77

C:\Program Files (x86)\Microchip\xc8\v2.10\pic\sources\c99\common\Umul64.c estimated size: 77

C:\Program Files (x86)\Microchip\xc8\v2.10\pic\sources\c99\common\Umul16.c
		___wmul        		CODE           	379F	0000	32

C:\Program Files (x86)\Microchip\xc8\v2.10\pic\sources\c99\common\Umul16.c estimated size: 32

C:\Program Files (x86)\Microchip\xc8\v2.10\pic\sources\c99\common\Umul8_16.c
		__Umul8_16     		CODE           	2880	0000	36

C:\Program Files (x86)\Microchip\xc8\v2.10\pic\sources\c99\common\Umul8_16.c estimated size: 36

C:\Program Files (x86)\Microchip\xc8\v2.10\pic\sources\c99\common\nf_getc.c
		_fgetc         		CODE           	29DC	0000	62
		_ungetc        		CODE           	37DF	0000	34

C:\Program Files (x86)\Microchip\xc8\v2.10\pic\sources\c99\common\nf_getc.c estimated size: 96

C:\Program Files (x86)\Microchip\xc8\v2.10\pic\sources\c99\common\nanf.c
		_nanf          		CODE           	36A2	0000	18

C:\Program Files (x86)\Microchip\xc8\v2.10\pic\sources\c99\common\nanf.c estimated size: 18

main.c
		_main          		CODE           	2BF8	0000	123

main.c estimated size: 123

C:\Program Files (x86)\Microchip\xc8\v2.10\pic\sources\c99\common\isupper.c
		_isupper       		CODE           	3720	0000	25

C:\Program Files (x86)\Microchip\xc8\v2.10\pic\sources\c99\common\isupper.c estimated size: 25

C:\Program Files (x86)\Microchip\xc8\v2.10\pic\sources\c99\common\printf.c
		_printf        		CODE           	370A	0000	23

C:\Program Files (x86)\Microchip\xc8\v2.10\pic\sources\c99\common\printf.c estimated size: 23

C:\Program Files (x86)\Microchip\xc8\v2.10\pic\sources\c99\common\nf_fputc.c
		_fputc         		CODE           	2006	0000	64

C:\Program Files (x86)\Microchip\xc8\v2.10\pic\sources\c99\common\nf_fputc.c estimated size: 64

